channels deprecated in v4.0.1+. If data contain more than 3 channels, only the first 3 channels will be used
channels deprecated in v4.0.1+. If data contain more than 3 channels, only the first 3 channels will be used
C:\Users\Administrator\anaconda3\envs\cell_registration\lib\site-packages\skimage\measure\fit.py:950: UserWarning: No inliers found. Model not fitted
  warn("No inliers found. Model not fitted")
channels deprecated in v4.0.1+. If data contain more than 3 channels, only the first 3 channels will be used
C:\Users\Administrator\anaconda3\envs\cell_registration\lib\site-packages\skimage\measure\fit.py:950: UserWarning: No inliers found. Model not fitted
  warn("No inliers found. Model not fitted")
channels deprecated in v4.0.1+. If data contain more than 3 channels, only the first 3 channels will be used
C:\Users\Administrator\anaconda3\envs\cell_registration\lib\site-packages\skimage\measure\fit.py:950: UserWarning: No inliers found. Model not fitted
  warn("No inliers found. Model not fitted")
channels deprecated in v4.0.1+. If data contain more than 3 channels, only the first 3 channels will be used
C:\Users\Administrator\anaconda3\envs\cell_registration\lib\site-packages\skimage\measure\fit.py:950: UserWarning: No inliers found. Model not fitted
  warn("No inliers found. Model not fitted")
channels deprecated in v4.0.1+. If data contain more than 3 channels, only the first 3 channels will be used
channels deprecated in v4.0.1+. If data contain more than 3 channels, only the first 3 channels will be used
C:\Users\Administrator\anaconda3\envs\cell_registration\lib\site-packages\skimage\measure\fit.py:950: UserWarning: No inliers found. Model not fitted
  warn("No inliers found. Model not fitted")
channels deprecated in v4.0.1+. If data contain more than 3 channels, only the first 3 channels will be used
channels deprecated in v4.0.1+. If data contain more than 3 channels, only the first 3 channels will be used
C:\Users\Administrator\anaconda3\envs\cell_registration\lib\site-packages\skimage\measure\fit.py:950: UserWarning: No inliers found. Model not fitted
  warn("No inliers found. Model not fitted")
channels deprecated in v4.0.1+. If data contain more than 3 channels, only the first 3 channels will be used
C:\Users\Administrator\anaconda3\envs\cell_registration\lib\site-packages\skimage\measure\fit.py:950: UserWarning: No inliers found. Model not fitted
  warn("No inliers found. Model not fitted")
channels deprecated in v4.0.1+. If data contain more than 3 channels, only the first 3 channels will be used
channels deprecated in v4.0.1+. If data contain more than 3 channels, only the first 3 channels will be used
C:\Users\Administrator\anaconda3\envs\cell_registration\lib\site-packages\skimage\measure\fit.py:950: UserWarning: No inliers found. Model not fitted
  warn("No inliers found. Model not fitted")
channels deprecated in v4.0.1+. If data contain more than 3 channels, only the first 3 channels will be used
C:\Users\Administrator\anaconda3\envs\cell_registration\lib\site-packages\skimage\measure\fit.py:950: UserWarning: No inliers found. Model not fitted
  warn("No inliers found. Model not fitted")
channels deprecated in v4.0.1+. If data contain more than 3 channels, only the first 3 channels will be used
C:\Users\Administrator\anaconda3\envs\cell_registration\lib\site-packages\skimage\measure\fit.py:950: UserWarning: No inliers found. Model not fitted
  warn("No inliers found. Model not fitted")
channels deprecated in v4.0.1+. If data contain more than 3 channels, only the first 3 channels will be used
channels deprecated in v4.0.1+. If data contain more than 3 channels, only the first 3 channels will be used
channels deprecated in v4.0.1+. If data contain more than 3 channels, only the first 3 channels will be used
C:\Users\Administrator\anaconda3\envs\cell_registration\lib\site-packages\skimage\measure\fit.py:950: UserWarning: No inliers found. Model not fitted
  warn("No inliers found. Model not fitted")
channels deprecated in v4.0.1+. If data contain more than 3 channels, only the first 3 channels will be used
C:\Users\Administrator\anaconda3\envs\cell_registration\lib\site-packages\skimage\measure\fit.py:950: UserWarning: No inliers found. Model not fitted
  warn("No inliers found. Model not fitted")
channels deprecated in v4.0.1+. If data contain more than 3 channels, only the first 3 channels will be used
C:\Users\Administrator\anaconda3\envs\cell_registration\lib\site-packages\skimage\measure\fit.py:950: UserWarning: No inliers found. Model not fitted
  warn("No inliers found. Model not fitted")
channels deprecated in v4.0.1+. If data contain more than 3 channels, only the first 3 channels will be used
C:\Users\Administrator\anaconda3\envs\cell_registration\lib\site-packages\skimage\measure\fit.py:950: UserWarning: No inliers found. Model not fitted
  warn("No inliers found. Model not fitted")
channels deprecated in v4.0.1+. If data contain more than 3 channels, only the first 3 channels will be used
channels deprecated in v4.0.1+. If data contain more than 3 channels, only the first 3 channels will be used
C:\Users\Administrator\anaconda3\envs\cell_registration\lib\site-packages\skimage\measure\fit.py:950: UserWarning: No inliers found. Model not fitted
  warn("No inliers found. Model not fitted")
channels deprecated in v4.0.1+. If data contain more than 3 channels, only the first 3 channels will be used
C:\Users\Administrator\anaconda3\envs\cell_registration\lib\site-packages\skimage\measure\fit.py:950: UserWarning: No inliers found. Model not fitted
  warn("No inliers found. Model not fitted")
channels deprecated in v4.0.1+. If data contain more than 3 channels, only the first 3 channels will be used
C:\Users\Administrator\anaconda3\envs\cell_registration\lib\site-packages\skimage\measure\fit.py:950: UserWarning: No inliers found. Model not fitted
  warn("No inliers found. Model not fitted")
channels deprecated in v4.0.1+. If data contain more than 3 channels, only the first 3 channels will be used
C:\Users\Administrator\anaconda3\envs\cell_registration\lib\site-packages\skimage\measure\fit.py:950: UserWarning: No inliers found. Model not fitted
  warn("No inliers found. Model not fitted")
channels deprecated in v4.0.1+. If data contain more than 3 channels, only the first 3 channels will be used
channels deprecated in v4.0.1+. If data contain more than 3 channels, only the first 3 channels will be used
channels deprecated in v4.0.1+. If data contain more than 3 channels, only the first 3 channels will be used
C:\Users\Administrator\anaconda3\envs\cell_registration\lib\site-packages\skimage\measure\fit.py:950: UserWarning: No inliers found. Model not fitted
  warn("No inliers found. Model not fitted")
channels deprecated in v4.0.1+. If data contain more than 3 channels, only the first 3 channels will be used
C:\Users\Administrator\anaconda3\envs\cell_registration\lib\site-packages\skimage\measure\fit.py:950: UserWarning: No inliers found. Model not fitted
  warn("No inliers found. Model not fitted")
==============================================================================
  Unregistration Batch Registration
==============================================================================
  Input root:  F:\programme\nxy\Cell registration\benchmark\unregistration
  Output dir:  F:\programme\nxy\Cell registration\benchmark\results\unregistration_full
  GPU enabled: True
  Python env:  cell_registration
  Discovered 32 valid cases and 128 registration pairs

[1/32] Case A2-1 | fixed=A2-A-1.tif | moving=4
  Fixed cells: 1841 | segmentation_seconds=12.02 | cache_hit=False
  [1/128] Moving 1/4: A2-B-1.tif
    Moving cells: 1436 | segmentation_seconds=11.08 | cache_hit=False
    Cells found: source=1436, reference=1841
    Image coarse init: rotation=0.00 deg, dx=4.55, dy=-6.07, score=0.606
    Coarse matches: 50
    Coarse offset: dx=-241.49, dy=-122.06
    Fine matches: 100
    Validated matches: 100
    RANSAC model: rigid | inliers: 14/100 | median residual: 1.33px
    Guided rematch improved support: rigid, 24/100 inliers
    Refining with k=5 neighbors (KNN)...
    KNN refinement complete
    Pair failed: compute_object_registration_metrics() got an unexpected keyword argument 'min_valid_instance_area_px'
  [2/128] Moving 2/4: A2-C-1.tif
    Moving cells: 1422 | segmentation_seconds=11.07 | cache_hit=False
    Cells found: source=1422, reference=1841
    Image coarse init: rotation=0.00 deg, dx=-3.80, dy=-6.84, score=0.660
    Coarse matches: 50
    Coarse offset: dx=-45.08, dy=-155.24
    Fine matches: 100
    Validated matches: 100
    RANSAC model: rigid | inliers: 16/100 | median residual: 1.53px
    Guided rematch improved support: rigid, 28/100 inliers
    Refining with k=5 neighbors (KNN)...
    KNN refinement complete
    Pair failed: compute_object_registration_metrics() got an unexpected keyword argument 'min_valid_instance_area_px'
  [3/128] Moving 3/4: A2-D-1.tif
    Moving cells: 1370 | segmentation_seconds=11.01 | cache_hit=False
    Cells found: source=1370, reference=1841
    Image coarse init: rotation=0.00 deg, dx=-4.55, dy=-18.97, score=0.766
    Coarse matches: 50
    Coarse offset: dx=60.03, dy=-42.95
    Fine matches: 100
    Validated matches: 100
    RANSAC model: rigid | inliers: 27/100 | median residual: 0.93px
    Guided rematch improved support: rigid, 39/100 inliers
    Refining with k=5 neighbors (KNN)...
    KNN refinement complete
    Pair failed: compute_object_registration_metrics() got an unexpected keyword argument 'min_valid_instance_area_px'
  [4/128] Moving 4/4: A2-E-1.tif
    Moving cells: 1384 | segmentation_seconds=11.02 | cache_hit=False
    Cells found: source=1384, reference=1841
    Image coarse init: rotation=0.00 deg, dx=0.76, dy=2.28, score=0.630
    Coarse matches: 50
    Coarse offset: dx=-46.77, dy=61.80
    Fine matches: 100
    Validated matches: 100
    RANSAC model: rigid | inliers: 15/100 | median residual: 2.04px
    Guided rematch improved support: rigid, 31/100 inliers
    Refining with k=5 neighbors (KNN)...
    KNN refinement complete
    Pair failed: compute_object_registration_metrics() got an unexpected keyword argument 'min_valid_instance_area_px'

[2/32] Case A2-2 | fixed=A2-A-2.tif | moving=4
  Fixed cells: 1914 | segmentation_seconds=12.03 | cache_hit=False
  [5/128] Moving 1/4: A2-B-2.tif
    Moving cells: 1633 | segmentation_seconds=11.28 | cache_hit=False
    Cells found: source=1633, reference=1914
    Image coarse init: rotation=0.00 deg, dx=7.61, dy=19.02, score=0.662
    Coarse matches: 50
    Coarse offset: dx=-20.80, dy=-453.87
    Fine matches: 100
    Validated matches: 100
    RANSAC model: rigid | inliers: 24/100 | median residual: 1.25px
    Guided rematch improved support: rigid, 35/100 inliers
    Refining with k=5 neighbors (KNN)...
    KNN refinement complete
    Pair failed: compute_object_registration_metrics() got an unexpected keyword argument 'min_valid_instance_area_px'
  [6/128] Moving 2/4: A2-C-2.tif
    Moving cells: 1665 | segmentation_seconds=11.73 | cache_hit=False
    Cells found: source=1665, reference=1914
    Image coarse init: rotation=0.00 deg, dx=-9.13, dy=-0.76, score=0.727
    Coarse matches: 50
    Coarse offset: dx=-811.52, dy=-198.83
    Fine matches: 100
    Validated matches: 100
    RANSAC model: rigid | inliers: 22/100 | median residual: 1.54px
    Guided rematch improved support: rigid, 38/100 inliers
    Refining with k=5 neighbors (KNN)...
    KNN refinement complete
    Pair failed: compute_object_registration_metrics() got an unexpected keyword argument 'min_valid_instance_area_px'
  [7/128] Moving 3/4: A2-D-2.tif
    Moving cells: 1479 | segmentation_seconds=11.43 | cache_hit=False
    Cells found: source=1479, reference=1914
    Image coarse init: rotation=0.00 deg, dx=0.00, dy=-17.50, score=0.754
    Coarse matches: 50
    Coarse offset: dx=-55.95, dy=-4.09
    Fine matches: 100
    Validated matches: 100
    RANSAC model: rigid | inliers: 32/100 | median residual: 1.50px
    Guided rematch improved support: rigid, 43/100 inliers
    Refining with k=5 neighbors (KNN)...
    KNN refinement complete
    Pair failed: compute_object_registration_metrics() got an unexpected keyword argument 'min_valid_instance_area_px'
  [8/128] Moving 4/4: A2-E-2.tif
    Moving cells: 1581 | segmentation_seconds=11.53 | cache_hit=False
    Cells found: source=1581, reference=1914
    Image coarse init: rotation=0.00 deg, dx=12.94, dy=-0.76, score=0.676
    Coarse matches: 50
    Coarse offset: dx=-37.80, dy=69.38
    Fine matches: 100
    Validated matches: 100
    RANSAC model: rigid | inliers: 20/100 | median residual: 1.36px
    Guided rematch improved support: rigid, 25/100 inliers
    Refining with k=5 neighbors (KNN)...
    KNN refinement complete
    Pair failed: compute_object_registration_metrics() got an unexpected keyword argument 'min_valid_instance_area_px'

[3/32] Case A2-3 | fixed=A2-A-3.tif | moving=4
  Fixed cells: 1853 | segmentation_seconds=12.01 | cache_hit=False
  [9/128] Moving 1/4: A2-B-3.tif
    Moving cells: 1621 | segmentation_seconds=11.86 | cache_hit=False
    Cells found: source=1621, reference=1853
    Image coarse init: rotation=0.00 deg, dx=8.37, dy=-16.73, score=0.581
    Coarse matches: 50
    Coarse offset: dx=457.11, dy=233.16
    Fine matches: 100
    Validated matches: 100
    RANSAC model: rigid | inliers: 10/100 | median residual: 0.92px
    Guided rematch improved support: rigid, 21/100 inliers
    Refining with k=5 neighbors (KNN)...
    KNN refinement complete
    Pair failed: compute_object_registration_metrics() got an unexpected keyword argument 'min_valid_instance_area_px'
  [10/128] Moving 2/4: A2-C-3.tif
    Moving cells: 1552 | segmentation_seconds=11.50 | cache_hit=False
    Cells found: source=1552, reference=1853
    Image coarse init: rotation=0.00 deg, dx=2.29, dy=-58.07, score=0.520
    Coarse matches: 50
    Coarse offset: dx=195.04, dy=-119.17
    Fine matches: 100
    Validated matches: 100
    RANSAC model: rigid | inliers: 15/100 | median residual: 1.24px
    Guided rematch improved support: rigid, 21/100 inliers
    Refining with k=5 neighbors (KNN)...
    KNN refinement complete
    Pair failed: compute_object_registration_metrics() got an unexpected keyword argument 'min_valid_instance_area_px'
  [11/128] Moving 3/4: A2-D-3.tif
    Moving cells: 1764 | segmentation_seconds=12.59 | cache_hit=False
    Cells found: source=1764, reference=1853
    Image coarse init: rotation=0.00 deg, dx=8.61, dy=0.78, score=0.381
    Coarse matches: 50
    Coarse offset: dx=18.64, dy=-480.80
    Fine matches: 100
    Validated matches: 100
    RANSAC model: rigid | inliers: 21/100 | median residual: 0.62px
    Guided rematch improved support: rigid, 37/100 inliers
    Refining with k=5 neighbors (KNN)...
    KNN refinement complete
    Pair failed: compute_object_registration_metrics() got an unexpected keyword argument 'min_valid_instance_area_px'
  [12/128] Moving 4/4: A2-E-3.tif
channels deprecated in v4.0.1+. If data contain more than 3 channels, only the first 3 channels will be used
C:\Users\Administrator\anaconda3\envs\cell_registration\lib\site-packages\skimage\measure\fit.py:950: UserWarning: No inliers found. Model not fitted
  warn("No inliers found. Model not fitted")
channels deprecated in v4.0.1+. If data contain more than 3 channels, only the first 3 channels will be used
channels deprecated in v4.0.1+. If data contain more than 3 channels, only the first 3 channels will be used
channels deprecated in v4.0.1+. If data contain more than 3 channels, only the first 3 channels will be used
C:\Users\Administrator\anaconda3\envs\cell_registration\lib\site-packages\skimage\measure\fit.py:950: UserWarning: No inliers found. Model not fitted
  warn("No inliers found. Model not fitted")
channels deprecated in v4.0.1+. If data contain more than 3 channels, only the first 3 channels will be used
C:\Users\Administrator\anaconda3\envs\cell_registration\lib\site-packages\skimage\measure\fit.py:950: UserWarning: No inliers found. Model not fitted
  warn("No inliers found. Model not fitted")
channels deprecated in v4.0.1+. If data contain more than 3 channels, only the first 3 channels will be used
C:\Users\Administrator\anaconda3\envs\cell_registration\lib\site-packages\skimage\measure\fit.py:950: UserWarning: No inliers found. Model not fitted
  warn("No inliers found. Model not fitted")
channels deprecated in v4.0.1+. If data contain more than 3 channels, only the first 3 channels will be used
channels deprecated in v4.0.1+. If data contain more than 3 channels, only the first 3 channels will be used
channels deprecated in v4.0.1+. If data contain more than 3 channels, only the first 3 channels will be used
channels deprecated in v4.0.1+. If data contain more than 3 channels, only the first 3 channels will be used
C:\Users\Administrator\anaconda3\envs\cell_registration\lib\site-packages\skimage\measure\fit.py:950: UserWarning: No inliers found. Model not fitted
  warn("No inliers found. Model not fitted")
channels deprecated in v4.0.1+. If data contain more than 3 channels, only the first 3 channels will be used
C:\Users\Administrator\anaconda3\envs\cell_registration\lib\site-packages\skimage\measure\fit.py:950: UserWarning: No inliers found. Model not fitted
  warn("No inliers found. Model not fitted")
channels deprecated in v4.0.1+. If data contain more than 3 channels, only the first 3 channels will be used
channels deprecated in v4.0.1+. If data contain more than 3 channels, only the first 3 channels will be used
C:\Users\Administrator\anaconda3\envs\cell_registration\lib\site-packages\skimage\measure\fit.py:950: UserWarning: No inliers found. Model not fitted
  warn("No inliers found. Model not fitted")
channels deprecated in v4.0.1+. If data contain more than 3 channels, only the first 3 channels will be used
C:\Users\Administrator\anaconda3\envs\cell_registration\lib\site-packages\skimage\measure\fit.py:950: UserWarning: No inliers found. Model not fitted
  warn("No inliers found. Model not fitted")
channels deprecated in v4.0.1+. If data contain more than 3 channels, only the first 3 channels will be used
C:\Users\Administrator\anaconda3\envs\cell_registration\lib\site-packages\skimage\measure\fit.py:950: UserWarning: No inliers found. Model not fitted
  warn("No inliers found. Model not fitted")
    Moving cells: 1734 | segmentation_seconds=11.75 | cache_hit=False
    Cells found: source=1734, reference=1853
    Image coarse init: rotation=0.00 deg, dx=-6.08, dy=-12.16, score=0.776
    Coarse matches: 50
    Coarse offset: dx=-243.10, dy=-20.02
    Fine matches: 100
    Validated matches: 100
    RANSAC model: rigid | inliers: 58/100 | median residual: 1.36px
    Guided rematch improved support: rigid, 72/100 inliers
    Refining with k=5 neighbors (KNN)...
    KNN refinement complete
    Pair failed: compute_object_registration_metrics() got an unexpected keyword argument 'min_valid_instance_area_px'

[4/32] Case A2-4 | fixed=A2-A-4.tif | moving=4
  Fixed cells: 1649 | segmentation_seconds=11.82 | cache_hit=False
  [13/128] Moving 1/4: A2-B-4.tif
    Moving cells: 1586 | segmentation_seconds=11.57 | cache_hit=False
    Cells found: source=1586, reference=1649
    Image coarse init: rotation=0.00 deg, dx=15.21, dy=-5.32, score=0.768
    Coarse matches: 50
    Coarse offset: dx=229.50, dy=-12.77
    Fine matches: 100
    Validated matches: 100
    RANSAC model: rigid | inliers: 38/100 | median residual: 1.13px
    Guided rematch improved support: rigid, 57/100 inliers
    Refining with k=5 neighbors (KNN)...
    KNN refinement complete
    Pair failed: compute_object_registration_metrics() got an unexpected keyword argument 'min_valid_instance_area_px'
  [14/128] Moving 2/4: A2-C-4.tif
    Moving cells: 1569 | segmentation_seconds=11.58 | cache_hit=False
    Cells found: source=1569, reference=1649
    Image coarse init: rotation=0.00 deg, dx=7.62, dy=7.62, score=0.776
    Coarse matches: 50
    Coarse offset: dx=82.15, dy=-352.85
    Fine matches: 100
    Validated matches: 100
    RANSAC model: rigid | inliers: 38/100 | median residual: 1.26px
    Guided rematch improved support: rigid, 48/100 inliers
    Refining with k=5 neighbors (KNN)...
    KNN refinement complete
    Pair failed: compute_object_registration_metrics() got an unexpected keyword argument 'min_valid_instance_area_px'
  [15/128] Moving 3/4: A2-D-4.tif
    Moving cells: 1633 | segmentation_seconds=11.62 | cache_hit=False
    Cells found: source=1633, reference=1649
    Image coarse init: rotation=0.00 deg, dx=8.37, dy=0.76, score=0.938
    Coarse matches: 50
    Coarse offset: dx=14.90, dy=-229.33
    Fine matches: 100
    Validated matches: 100
    RANSAC model: rigid | inliers: 93/100 | median residual: 0.64px
    Guided rematch improved support: rigid, 97/100 inliers
    Refining with k=5 neighbors (KNN)...
    KNN refinement complete
    Pair failed: compute_object_registration_metrics() got an unexpected keyword argument 'min_valid_instance_area_px'
  [16/128] Moving 4/4: A2-E-4.tif
    Moving cells: 1395 | segmentation_seconds=11.39 | cache_hit=False
    Cells found: source=1395, reference=1649
    Image coarse init: rotation=0.00 deg, dx=7.62, dy=8.38, score=0.700
    Coarse matches: 50
    Coarse offset: dx=75.46, dy=451.72
    Fine matches: 100
    Validated matches: 100
    RANSAC model: rigid | inliers: 38/100 | median residual: 1.17px
    Guided rematch improved support: rigid, 50/100 inliers
    Refining with k=5 neighbors (KNN)...
    KNN refinement complete
    Pair failed: compute_object_registration_metrics() got an unexpected keyword argument 'min_valid_instance_area_px'

[5/32] Case A3-1 | fixed=A3-A-1.tif | moving=4
  Fixed cells: 1820 | segmentation_seconds=12.97 | cache_hit=False
  [17/128] Moving 1/4: A3-B-1.tif
    Moving cells: 1880 | segmentation_seconds=12.28 | cache_hit=False
    Cells found: source=1880, reference=1820
    Image coarse init: rotation=0.00 deg, dx=-13.89, dy=0.00, score=0.922
    Coarse matches: 50
    Coarse offset: dx=-90.38, dy=255.09
    Fine matches: 100
    Validated matches: 100
    RANSAC model: rigid | inliers: 89/100 | median residual: 0.74px
    Guided rematch improved support: rigid, 96/100 inliers
    Refining with k=5 neighbors (KNN)...
    KNN refinement complete
    Pair failed: compute_object_registration_metrics() got an unexpected keyword argument 'min_valid_instance_area_px'
  [18/128] Moving 2/4: A3-C-1.tif
    Moving cells: 1664 | segmentation_seconds=11.81 | cache_hit=False
    Cells found: source=1664, reference=1820
    Image coarse init: rotation=0.00 deg, dx=-8.48, dy=-5.40, score=0.777
    Coarse matches: 50
    Coarse offset: dx=-128.34, dy=163.09
    Fine matches: 100
    Validated matches: 100
    RANSAC model: rigid | inliers: 35/100 | median residual: 1.56px
    Guided rematch improved support: rigid, 51/100 inliers
    Refining with k=5 neighbors (KNN)...
    KNN refinement complete
    Pair failed: compute_object_registration_metrics() got an unexpected keyword argument 'min_valid_instance_area_px'
  [19/128] Moving 3/4: A3-D-1.tif
    Moving cells: 1746 | segmentation_seconds=11.95 | cache_hit=False
    Cells found: source=1746, reference=1820
    Image coarse init: rotation=0.00 deg, dx=-8.48, dy=22.36, score=0.928
    Coarse matches: 50
    Coarse offset: dx=-23.15, dy=116.92
    Fine matches: 100
    Validated matches: 100
    RANSAC model: rigid | inliers: 95/100 | median residual: 0.55px
    Guided rematch improved support: rigid, 97/100 inliers
    Refining with k=5 neighbors (KNN)...
    KNN refinement complete
    Pair failed: compute_object_registration_metrics() got an unexpected keyword argument 'min_valid_instance_area_px'
  [20/128] Moving 4/4: A3-E-1.tif
    Moving cells: 1943 | segmentation_seconds=13.15 | cache_hit=False
    Cells found: source=1943, reference=1820
    Image coarse init: rotation=0.00 deg, dx=-4.63, dy=13.11, score=0.897
    Coarse matches: 50
    Coarse offset: dx=-283.60, dy=-0.14
    Fine matches: 100
    Validated matches: 100
    RANSAC model: rigid | inliers: 78/100 | median residual: 0.75px
    Guided rematch improved support: rigid, 90/100 inliers
    Refining with k=5 neighbors (KNN)...
    KNN refinement complete
    Pair failed: compute_object_registration_metrics() got an unexpected keyword argument 'min_valid_instance_area_px'

[6/32] Case A3-2 | fixed=A3-A-2.tif | moving=4
  Fixed cells: 1659 | segmentation_seconds=11.88 | cache_hit=False
  [21/128] Moving 1/4: A3-B-2.tif
    Moving cells: 1473 | segmentation_seconds=11.92 | cache_hit=False
    Cells found: source=1473, reference=1659
    Image coarse init: rotation=0.00 deg, dx=9.12, dy=-9.12, score=0.538
    Coarse matches: 50
    Coarse offset: dx=278.15, dy=-60.18
    Fine matches: 100
    Validated matches: 100
    RANSAC model: rigid | inliers: 6/100 | median residual: 0.73px
    Guided rematch improved support: rigid, 14/100 inliers
    Refining with k=5 neighbors (KNN)...
    KNN refinement complete
    Pair failed: compute_object_registration_metrics() got an unexpected keyword argument 'min_valid_instance_area_px'
  [22/128] Moving 2/4: A3-C-2.tif
    Moving cells: 1501 | segmentation_seconds=11.56 | cache_hit=False
    Cells found: source=1501, reference=1659
    Image coarse init: rotation=0.00 deg, dx=6.83, dy=-2.28, score=0.598
    Coarse matches: 50
    Coarse offset: dx=74.20, dy=224.58
    Fine matches: 100
    Validated matches: 100
    RANSAC model: rigid | inliers: 15/100 | median residual: 1.45px
    Guided rematch improved support: rigid, 21/100 inliers
    Refining with k=5 neighbors (KNN)...
    KNN refinement complete
    Pair failed: compute_object_registration_metrics() got an unexpected keyword argument 'min_valid_instance_area_px'
  [23/128] Moving 3/4: A3-D-2.tif
    Moving cells: 1479 | segmentation_seconds=11.46 | cache_hit=False
    Cells found: source=1479, reference=1659
    Image coarse init: rotation=0.00 deg, dx=-4.55, dy=-24.28, score=0.832
    Coarse matches: 50
    Coarse offset: dx=130.56, dy=-245.30
    Fine matches: 100
    Validated matches: 100
    RANSAC model: rigid | inliers: 41/100 | median residual: 1.14px
    Guided rematch improved support: rigid, 54/100 inliers
    Refining with k=5 neighbors (KNN)...
    KNN refinement complete
channels deprecated in v4.0.1+. If data contain more than 3 channels, only the first 3 channels will be used
C:\Users\Administrator\anaconda3\envs\cell_registration\lib\site-packages\skimage\measure\fit.py:950: UserWarning: No inliers found. Model not fitted
  warn("No inliers found. Model not fitted")
channels deprecated in v4.0.1+. If data contain more than 3 channels, only the first 3 channels will be used
channels deprecated in v4.0.1+. If data contain more than 3 channels, only the first 3 channels will be used
channels deprecated in v4.0.1+. If data contain more than 3 channels, only the first 3 channels will be used
C:\Users\Administrator\anaconda3\envs\cell_registration\lib\site-packages\skimage\measure\fit.py:950: UserWarning: No inliers found. Model not fitted
  warn("No inliers found. Model not fitted")
channels deprecated in v4.0.1+. If data contain more than 3 channels, only the first 3 channels will be used
C:\Users\Administrator\anaconda3\envs\cell_registration\lib\site-packages\skimage\measure\fit.py:950: UserWarning: No inliers found. Model not fitted
  warn("No inliers found. Model not fitted")
channels deprecated in v4.0.1+. If data contain more than 3 channels, only the first 3 channels will be used
C:\Users\Administrator\anaconda3\envs\cell_registration\lib\site-packages\skimage\measure\fit.py:950: UserWarning: No inliers found. Model not fitted
  warn("No inliers found. Model not fitted")
channels deprecated in v4.0.1+. If data contain more than 3 channels, only the first 3 channels will be used
channels deprecated in v4.0.1+. If data contain more than 3 channels, only the first 3 channels will be used
C:\Users\Administrator\anaconda3\envs\cell_registration\lib\site-packages\skimage\measure\fit.py:950: UserWarning: No inliers found. Model not fitted
  warn("No inliers found. Model not fitted")
channels deprecated in v4.0.1+. If data contain more than 3 channels, only the first 3 channels will be used
C:\Users\Administrator\anaconda3\envs\cell_registration\lib\site-packages\skimage\measure\fit.py:950: UserWarning: No inliers found. Model not fitted
  warn("No inliers found. Model not fitted")
channels deprecated in v4.0.1+. If data contain more than 3 channels, only the first 3 channels will be used
channels deprecated in v4.0.1+. If data contain more than 3 channels, only the first 3 channels will be used
C:\Users\Administrator\anaconda3\envs\cell_registration\lib\site-packages\skimage\measure\fit.py:950: UserWarning: No inliers found. Model not fitted
  warn("No inliers found. Model not fitted")
channels deprecated in v4.0.1+. If data contain more than 3 channels, only the first 3 channels will be used
channels deprecated in v4.0.1+. If data contain more than 3 channels, only the first 3 channels will be used
C:\Users\Administrator\anaconda3\envs\cell_registration\lib\site-packages\skimage\measure\fit.py:950: UserWarning: No inliers found. Model not fitted
  warn("No inliers found. Model not fitted")
channels deprecated in v4.0.1+. If data contain more than 3 channels, only the first 3 channels will be used
C:\Users\Administrator\anaconda3\envs\cell_registration\lib\site-packages\skimage\measure\fit.py:950: UserWarning: No inliers found. Model not fitted
  warn("No inliers found. Model not fitted")
channels deprecated in v4.0.1+. If data contain more than 3 channels, only the first 3 channels will be used
    Pair failed: compute_object_registration_metrics() got an unexpected keyword argument 'min_valid_instance_area_px'
  [24/128] Moving 4/4: A3-E-2.tif
    Moving cells: 1529 | segmentation_seconds=19.49 | cache_hit=False
    Cells found: source=1529, reference=1659
    Image coarse init: rotation=0.00 deg, dx=-21.28, dy=-1.52, score=0.614
    Coarse matches: 50
    Coarse offset: dx=-76.93, dy=-12.71
    Fine matches: 100
    Validated matches: 100
    RANSAC model: rigid | inliers: 22/100 | median residual: 1.49px
    Guided rematch improved support: rigid, 28/100 inliers
    Refining with k=5 neighbors (KNN)...
    KNN refinement complete
    Pair failed: compute_object_registration_metrics() got an unexpected keyword argument 'min_valid_instance_area_px'

[7/32] Case A3-3 | fixed=A3-A-3.tif | moving=4
  Fixed cells: 1544 | segmentation_seconds=17.22 | cache_hit=False
  [25/128] Moving 1/4: A3-B-3.tif
    Moving cells: 1445 | segmentation_seconds=12.46 | cache_hit=False
    Cells found: source=1445, reference=1544
    Image coarse init: rotation=0.00 deg, dx=0.00, dy=-0.77, score=0.779
    Coarse matches: 50
    Coarse offset: dx=-47.36, dy=-65.93
    Fine matches: 100
    Validated matches: 100
    RANSAC model: rigid | inliers: 48/100 | median residual: 0.91px
    Guided rematch improved support: rigid, 61/100 inliers
    Refining with k=5 neighbors (KNN)...
    KNN refinement complete
    Pair failed: compute_object_registration_metrics() got an unexpected keyword argument 'min_valid_instance_area_px'
  [26/128] Moving 2/4: A3-C-3.tif
    Moving cells: 1526 | segmentation_seconds=16.31 | cache_hit=False
    Cells found: source=1526, reference=1544
    Image coarse init: rotation=0.00 deg, dx=-6.96, dy=0.00, score=0.901
    Coarse matches: 50
    Coarse offset: dx=-333.36, dy=-3.92
    Fine matches: 100
    Validated matches: 100
    RANSAC model: rigid | inliers: 84/100 | median residual: 0.59px
    Guided rematch improved support: rigid, 94/100 inliers
    Refining with k=5 neighbors (KNN)...
    KNN refinement complete
    Pair failed: compute_object_registration_metrics() got an unexpected keyword argument 'min_valid_instance_area_px'
  [27/128] Moving 3/4: A3-D-3.tif
    Moving cells: 1465 | segmentation_seconds=16.69 | cache_hit=False
    Cells found: source=1465, reference=1544
    Image coarse init: rotation=0.00 deg, dx=17.77, dy=-3.86, score=0.943
    Coarse matches: 50
    Coarse offset: dx=-197.55, dy=87.37
    Fine matches: 100
    Validated matches: 100
    RANSAC model: rigid | inliers: 83/100 | median residual: 0.65px
    Guided rematch improved support: rigid, 89/100 inliers
    Refining with k=5 neighbors (KNN)...
    KNN refinement complete
    Pair failed: compute_object_registration_metrics() got an unexpected keyword argument 'min_valid_instance_area_px'
  [28/128] Moving 4/4: A3-E-3.tif
    Moving cells: 1472 | segmentation_seconds=12.23 | cache_hit=False
    Cells found: source=1472, reference=1544
    Image coarse init: rotation=0.00 deg, dx=0.00, dy=0.77, score=0.786
    Coarse matches: 50
    Coarse offset: dx=-65.85, dy=122.10
    Fine matches: 100
    Validated matches: 100
    RANSAC model: rigid | inliers: 49/100 | median residual: 0.88px
    Guided rematch improved support: rigid, 59/100 inliers
    Refining with k=5 neighbors (KNN)...
    KNN refinement complete
    Pair failed: compute_object_registration_metrics() got an unexpected keyword argument 'min_valid_instance_area_px'

[8/32] Case A4-1 | fixed=A4-B-1.tif | moving=4
  Fixed cells: 2232 | segmentation_seconds=16.96 | cache_hit=False
  [29/128] Moving 1/4: A4-A-1.tif
    Moving cells: 2172 | segmentation_seconds=18.14 | cache_hit=False
    Cells found: source=2172, reference=2232
    Image coarse init: rotation=0.00 deg, dx=-2.30, dy=-18.40, score=0.355
    Coarse matches: 50
    Coarse offset: dx=94.14, dy=280.18
    Fine matches: 100
    Validated matches: 100
    RANSAC model: rigid | inliers: 27/100 | median residual: 0.69px
    Guided rematch improved support: rigid, 40/100 inliers
    Refining with k=5 neighbors (KNN)...
    KNN refinement complete
    Pair failed: compute_object_registration_metrics() got an unexpected keyword argument 'min_valid_instance_area_px'
  [30/128] Moving 2/4: A4-C-1.tif
    Moving cells: 2396 | segmentation_seconds=17.38 | cache_hit=False
    Cells found: source=2396, reference=2232
    Image coarse init: rotation=0.00 deg, dx=-3.84, dy=-5.38, score=0.906
    Coarse matches: 50
    Coarse offset: dx=-68.93, dy=-269.79
    Fine matches: 100
    Validated matches: 100
    RANSAC model: rigid | inliers: 95/100 | median residual: 0.58px
    Guided rematch improved support: rigid, 97/100 inliers
    Refining with k=5 neighbors (KNN)...
    KNN refinement complete
    Pair failed: compute_object_registration_metrics() got an unexpected keyword argument 'min_valid_instance_area_px'
  [31/128] Moving 3/4: A4-D-1.tif
    Moving cells: 2260 | segmentation_seconds=20.80 | cache_hit=False
    Cells found: source=2260, reference=2232
    Image coarse init: rotation=0.00 deg, dx=2.30, dy=13.80, score=0.865
    Coarse matches: 50
    Coarse offset: dx=56.42, dy=298.44
    Fine matches: 100
    Validated matches: 100
    RANSAC model: rigid | inliers: 87/100 | median residual: 1.13px
    Guided rematch improved support: rigid, 93/100 inliers
    Refining with k=5 neighbors (KNN)...
    KNN refinement complete
    Pair failed: compute_object_registration_metrics() got an unexpected keyword argument 'min_valid_instance_area_px'
  [32/128] Moving 4/4: A4-E-1.tif
    Moving cells: 2332 | segmentation_seconds=21.41 | cache_hit=False
    Cells found: source=2332, reference=2232
    Image coarse init: rotation=0.00 deg, dx=12.33, dy=-8.47, score=0.887
    Coarse matches: 50
    Coarse offset: dx=155.16, dy=19.97
    Fine matches: 100
    Validated matches: 100
    RANSAC model: rigid | inliers: 88/100 | median residual: 1.03px
    Guided rematch improved support: rigid, 97/100 inliers
    Refining with k=5 neighbors (KNN)...
    KNN refinement complete
    Pair failed: compute_object_registration_metrics() got an unexpected keyword argument 'min_valid_instance_area_px'

[9/32] Case A4-2 | fixed=A4-B-2.tif | moving=4
  Fixed cells: 2445 | segmentation_seconds=21.79 | cache_hit=False
  [33/128] Moving 1/4: A4-A-2.tif
    Moving cells: 2377 | segmentation_seconds=13.97 | cache_hit=False
    Cells found: source=2377, reference=2445
    Image coarse init: rotation=0.00 deg, dx=1.54, dy=-14.61, score=0.946
    Coarse matches: 50
    Coarse offset: dx=-38.91, dy=59.69
    Fine matches: 100
    Validated matches: 100
    RANSAC model: rigid | inliers: 97/100 | median residual: 0.89px
    Guided rematch improved support: rigid, 98/100 inliers
    Refining with k=5 neighbors (KNN)...
    KNN refinement complete
    Pair failed: compute_object_registration_metrics() got an unexpected keyword argument 'min_valid_instance_area_px'
  [34/128] Moving 2/4: A4-C-2.tif
    Moving cells: 2538 | segmentation_seconds=21.08 | cache_hit=False
    Cells found: source=2538, reference=2445
    Image coarse init: rotation=0.00 deg, dx=-13.08, dy=3.85, score=0.919
    Coarse matches: 50
    Coarse offset: dx=495.67, dy=-161.07
    Fine matches: 100
    Validated matches: 100
    RANSAC model: rigid | inliers: 96/100 | median residual: 0.79px
    Guided rematch improved support: rigid, 98/100 inliers
    Refining with k=5 neighbors (KNN)...
    KNN refinement complete
    Pair failed: compute_object_registration_metrics() got an unexpected keyword argument 'min_valid_instance_area_px'
  [35/128] Moving 3/4: A4-D-2.tif
    Moving cells: 2424 | segmentation_seconds=21.75 | cache_hit=False
    Cells found: source=2424, reference=2445
    Image coarse init: rotation=0.00 deg, dx=-0.77, dy=-15.46, score=0.943
    Coarse matches: 50
    Coarse offset: dx=-124.72, dy=-437.36
    Fine matches: 100
    Validated matches: 100
    RANSAC model: rigid | inliers: 96/100 | median residual: 0.66px
channels deprecated in v4.0.1+. If data contain more than 3 channels, only the first 3 channels will be used
C:\Users\Administrator\anaconda3\envs\cell_registration\lib\site-packages\skimage\measure\fit.py:950: UserWarning: No inliers found. Model not fitted
  warn("No inliers found. Model not fitted")
channels deprecated in v4.0.1+. If data contain more than 3 channels, only the first 3 channels will be used
channels deprecated in v4.0.1+. If data contain more than 3 channels, only the first 3 channels will be used
C:\Users\Administrator\anaconda3\envs\cell_registration\lib\site-packages\skimage\measure\fit.py:950: UserWarning: No inliers found. Model not fitted
  warn("No inliers found. Model not fitted")
channels deprecated in v4.0.1+. If data contain more than 3 channels, only the first 3 channels will be used
C:\Users\Administrator\anaconda3\envs\cell_registration\lib\site-packages\skimage\measure\fit.py:950: UserWarning: No inliers found. Model not fitted
  warn("No inliers found. Model not fitted")
channels deprecated in v4.0.1+. If data contain more than 3 channels, only the first 3 channels will be used
channels deprecated in v4.0.1+. If data contain more than 3 channels, only the first 3 channels will be used
channels deprecated in v4.0.1+. If data contain more than 3 channels, only the first 3 channels will be used
channels deprecated in v4.0.1+. If data contain more than 3 channels, only the first 3 channels will be used
C:\Users\Administrator\anaconda3\envs\cell_registration\lib\site-packages\skimage\measure\fit.py:950: UserWarning: No inliers found. Model not fitted
  warn("No inliers found. Model not fitted")
channels deprecated in v4.0.1+. If data contain more than 3 channels, only the first 3 channels will be used
C:\Users\Administrator\anaconda3\envs\cell_registration\lib\site-packages\skimage\measure\fit.py:950: UserWarning: No inliers found. Model not fitted
  warn("No inliers found. Model not fitted")
channels deprecated in v4.0.1+. If data contain more than 3 channels, only the first 3 channels will be used
channels deprecated in v4.0.1+. If data contain more than 3 channels, only the first 3 channels will be used
C:\Users\Administrator\anaconda3\envs\cell_registration\lib\site-packages\skimage\measure\fit.py:950: UserWarning: No inliers found. Model not fitted
  warn("No inliers found. Model not fitted")
channels deprecated in v4.0.1+. If data contain more than 3 channels, only the first 3 channels will be used
channels deprecated in v4.0.1+. If data contain more than 3 channels, only the first 3 channels will be used
C:\Users\Administrator\anaconda3\envs\cell_registration\lib\site-packages\skimage\measure\fit.py:950: UserWarning: No inliers found. Model not fitted
  warn("No inliers found. Model not fitted")
channels deprecated in v4.0.1+. If data contain more than 3 channels, only the first 3 channels will be used
C:\Users\Administrator\anaconda3\envs\cell_registration\lib\site-packages\skimage\measure\fit.py:950: UserWarning: No inliers found. Model not fitted
  warn("No inliers found. Model not fitted")
channels deprecated in v4.0.1+. If data contain more than 3 channels, only the first 3 channels will be used
    Guided rematch improved support: rigid, 97/100 inliers
    Refining with k=5 neighbors (KNN)...
    KNN refinement complete
    Pair failed: compute_object_registration_metrics() got an unexpected keyword argument 'min_valid_instance_area_px'
  [36/128] Moving 4/4: A4-E-2.tif
    Moving cells: 2549 | segmentation_seconds=22.72 | cache_hit=False
    Cells found: source=2549, reference=2445
    Image coarse init: rotation=0.00 deg, dx=0.00, dy=-18.46, score=0.882
    Coarse matches: 50
    Coarse offset: dx=-74.61, dy=213.27
    Fine matches: 100
    Validated matches: 100
    RANSAC model: rigid | inliers: 89/100 | median residual: 0.66px
    Guided rematch improved support: rigid, 95/100 inliers
    Refining with k=5 neighbors (KNN)...
    KNN refinement complete
    Pair failed: compute_object_registration_metrics() got an unexpected keyword argument 'min_valid_instance_area_px'

[10/32] Case A4-3 | fixed=A4-B-3.tif | moving=4
  Fixed cells: 2873 | segmentation_seconds=22.73 | cache_hit=False
  [37/128] Moving 1/4: A4-A-3.tif
    Moving cells: 2749 | segmentation_seconds=15.22 | cache_hit=False
    Cells found: source=2749, reference=2873
    Image coarse init: rotation=0.00 deg, dx=14.75, dy=39.58, score=0.944
    Coarse matches: 50
    Coarse offset: dx=-284.26, dy=-94.96
    Fine matches: 100
    Validated matches: 100
    RANSAC model: rigid | inliers: 94/100 | median residual: 0.65px
    Guided rematch improved support: rigid, 97/100 inliers
    Refining with k=5 neighbors (KNN)...
    KNN refinement complete
    Pair failed: compute_object_registration_metrics() got an unexpected keyword argument 'min_valid_instance_area_px'
  [38/128] Moving 2/4: A4-C-3.tif
    Moving cells: 2986 | segmentation_seconds=22.27 | cache_hit=False
    Cells found: source=2986, reference=2873
    Image coarse init: rotation=0.00 deg, dx=6.21, dy=9.31, score=0.935
    Coarse matches: 50
    Coarse offset: dx=-83.12, dy=107.14
    Fine matches: 100
    Validated matches: 100
    RANSAC model: rigid | inliers: 97/100 | median residual: 0.71px
    Guided rematch improved support: rigid, 99/100 inliers
    Refining with k=5 neighbors (KNN)...
    KNN refinement complete
    Pair failed: compute_object_registration_metrics() got an unexpected keyword argument 'min_valid_instance_area_px'
  [39/128] Moving 3/4: A4-D-3.tif
    Moving cells: 2834 | segmentation_seconds=18.08 | cache_hit=False
    Cells found: source=2834, reference=2873
    Image coarse init: rotation=0.00 deg, dx=1.55, dy=5.43, score=0.939
    Coarse matches: 50
    Coarse offset: dx=-60.21, dy=-87.59
    Fine matches: 100
    Validated matches: 100
    RANSAC model: rigid | inliers: 94/100 | median residual: 1.20px
    Guided rematch improved support: rigid, 98/100 inliers
    Refining with k=5 neighbors (KNN)...
    KNN refinement complete
    Pair failed: compute_object_registration_metrics() got an unexpected keyword argument 'min_valid_instance_area_px'
  [40/128] Moving 4/4: A4-E-3.tif
    Moving cells: 2892 | segmentation_seconds=16.51 | cache_hit=False
    Cells found: source=2892, reference=2873
    Image coarse init: rotation=0.00 deg, dx=-0.78, dy=13.19, score=0.950
    Coarse matches: 50
    Coarse offset: dx=121.58, dy=303.93
    Fine matches: 100
    Validated matches: 100
    RANSAC model: rigid | inliers: 97/100 | median residual: 0.80px
    Guided rematch improved support: rigid, 97/100 inliers
    Refining with k=5 neighbors (KNN)...
    KNN refinement complete
    Pair failed: compute_object_registration_metrics() got an unexpected keyword argument 'min_valid_instance_area_px'

[11/32] Case A5-1 | fixed=A5-B-1.tif | moving=4
  Fixed cells: 1282 | segmentation_seconds=13.80 | cache_hit=False
  [41/128] Moving 1/4: A5-A-1.tif
    Moving cells: 1546 | segmentation_seconds=16.48 | cache_hit=False
    Cells found: source=1546, reference=1282
    Image coarse init: rotation=0.00 deg, dx=4.65, dy=4.65, score=0.821
    Coarse matches: 50
    Coarse offset: dx=-48.93, dy=-464.32
    Fine matches: 100
    Validated matches: 100
    RANSAC model: rigid | inliers: 88/100 | median residual: 1.17px
    Guided rematch improved support: rigid, 95/100 inliers
    Refining with k=5 neighbors (KNN)...
    KNN refinement complete
    Pair failed: compute_object_registration_metrics() got an unexpected keyword argument 'min_valid_instance_area_px'
  [42/128] Moving 2/4: A5-C-1.tif
    Moving cells: 1690 | segmentation_seconds=20.72 | cache_hit=False
    Cells found: source=1690, reference=1282
    Image coarse init: rotation=0.00 deg, dx=2.31, dy=3.86, score=0.827
    Coarse matches: 50
    Coarse offset: dx=-69.48, dy=-384.01
    Fine matches: 100
    Validated matches: 100
    RANSAC model: rigid | inliers: 82/100 | median residual: 0.51px
    Guided rematch improved support: rigid, 88/100 inliers
    Refining with k=5 neighbors (KNN)...
    KNN refinement complete
    Pair failed: compute_object_registration_metrics() got an unexpected keyword argument 'min_valid_instance_area_px'
  [43/128] Moving 3/4: A5-D-1.tif
    Moving cells: 1708 | segmentation_seconds=12.78 | cache_hit=False
    Cells found: source=1708, reference=1282
    Image coarse init: rotation=0.00 deg, dx=10.73, dy=38.32, score=0.882
    Coarse matches: 50
    Coarse offset: dx=-61.92, dy=-290.73
    Fine matches: 100
    Validated matches: 100
    RANSAC model: rigid | inliers: 70/100 | median residual: 1.21px
    Guided rematch improved support: rigid, 80/100 inliers
    Refining with k=5 neighbors (KNN)...
    KNN refinement complete
    Pair failed: compute_object_registration_metrics() got an unexpected keyword argument 'min_valid_instance_area_px'
  [44/128] Moving 4/4: A5-E-1.tif
    Moving cells: 1661 | segmentation_seconds=12.24 | cache_hit=False
    Cells found: source=1661, reference=1282
    Image coarse init: rotation=0.00 deg, dx=2.30, dy=5.36, score=0.866
    Coarse matches: 50
    Coarse offset: dx=-126.74, dy=146.12
    Fine matches: 100
    Validated matches: 100
    RANSAC model: rigid | inliers: 75/100 | median residual: 0.75px
    Guided rematch improved support: rigid, 89/100 inliers
    Refining with k=5 neighbors (KNN)...
    KNN refinement complete
    Pair failed: compute_object_registration_metrics() got an unexpected keyword argument 'min_valid_instance_area_px'

[12/32] Case A5-2 | fixed=A5-B-2.tif | moving=4
  Fixed cells: 1420 | segmentation_seconds=19.57 | cache_hit=False
  [45/128] Moving 1/4: A5-A-2.tif
    Moving cells: 1586 | segmentation_seconds=19.89 | cache_hit=False
    Cells found: source=1586, reference=1420
    Image coarse init: rotation=0.00 deg, dx=-13.87, dy=93.21, score=0.850
    Coarse matches: 50
    Coarse offset: dx=-58.15, dy=-10.43
    Fine matches: 100
    Validated matches: 100
    RANSAC model: rigid | inliers: 83/100 | median residual: 0.76px
    Guided rematch improved support: rigid, 92/100 inliers
    Refining with k=5 neighbors (KNN)...
    KNN refinement complete
    Pair failed: compute_object_registration_metrics() got an unexpected keyword argument 'min_valid_instance_area_px'
  [46/128] Moving 2/4: A5-C-2.tif
    Moving cells: 1649 | segmentation_seconds=16.46 | cache_hit=False
    Cells found: source=1649, reference=1420
    Image coarse init: rotation=0.00 deg, dx=-28.40, dy=133.56, score=0.896
    Coarse matches: 50
    Coarse offset: dx=-40.22, dy=-5.59
    Fine matches: 100
    Validated matches: 100
    RANSAC model: rigid | inliers: 87/100 | median residual: 0.73px
    Guided rematch improved support: rigid, 96/100 inliers
    Refining with k=5 neighbors (KNN)...
    KNN refinement complete
    Pair failed: compute_object_registration_metrics() got an unexpected keyword argument 'min_valid_instance_area_px'
  [47/128] Moving 3/4: A5-D-2.tif
    Moving cells: 1643 | segmentation_seconds=12.38 | cache_hit=False
    Cells found: source=1643, reference=1420
    Image coarse init: rotation=0.00 deg, dx=-26.95, dy=109.33, score=0.920
    Coarse matches: 50
    Coarse offset: dx=-263.87, dy=-84.86channels deprecated in v4.0.1+. If data contain more than 3 channels, only the first 3 channels will be used
C:\Users\Administrator\anaconda3\envs\cell_registration\lib\site-packages\skimage\measure\fit.py:950: UserWarning: No inliers found. Model not fitted
  warn("No inliers found. Model not fitted")
channels deprecated in v4.0.1+. If data contain more than 3 channels, only the first 3 channels will be used
channels deprecated in v4.0.1+. If data contain more than 3 channels, only the first 3 channels will be used
C:\Users\Administrator\anaconda3\envs\cell_registration\lib\site-packages\skimage\measure\fit.py:950: UserWarning: No inliers found. Model not fitted
  warn("No inliers found. Model not fitted")
channels deprecated in v4.0.1+. If data contain more than 3 channels, only the first 3 channels will be used
channels deprecated in v4.0.1+. If data contain more than 3 channels, only the first 3 channels will be used
C:\Users\Administrator\anaconda3\envs\cell_registration\lib\site-packages\skimage\measure\fit.py:950: UserWarning: No inliers found. Model not fitted
  warn("No inliers found. Model not fitted")
channels deprecated in v4.0.1+. If data contain more than 3 channels, only the first 3 channels will be used
C:\Users\Administrator\anaconda3\envs\cell_registration\lib\site-packages\skimage\measure\fit.py:950: UserWarning: No inliers found. Model not fitted
  warn("No inliers found. Model not fitted")
channels deprecated in v4.0.1+. If data contain more than 3 channels, only the first 3 channels will be used
channels deprecated in v4.0.1+. If data contain more than 3 channels, only the first 3 channels will be used
C:\Users\Administrator\anaconda3\envs\cell_registration\lib\site-packages\skimage\measure\fit.py:950: UserWarning: No inliers found. Model not fitted
  warn("No inliers found. Model not fitted")
channels deprecated in v4.0.1+. If data contain more than 3 channels, only the first 3 channels will be used
channels deprecated in v4.0.1+. If data contain more than 3 channels, only the first 3 channels will be used
C:\Users\Administrator\anaconda3\envs\cell_registration\lib\site-packages\skimage\measure\fit.py:950: UserWarning: No inliers found. Model not fitted
  warn("No inliers found. Model not fitted")
channels deprecated in v4.0.1+. If data contain more than 3 channels, only the first 3 channels will be used
channels deprecated in v4.0.1+. If data contain more than 3 channels, only the first 3 channels will be used
channels deprecated in v4.0.1+. If data contain more than 3 channels, only the first 3 channels will be used
C:\Users\Administrator\anaconda3\envs\cell_registration\lib\site-packages\skimage\measure\fit.py:950: UserWarning: No inliers found. Model not fitted
  warn("No inliers found. Model not fitted")
channels deprecated in v4.0.1+. If data contain more than 3 channels, only the first 3 channels will be used
C:\Users\Administrator\anaconda3\envs\cell_registration\lib\site-packages\skimage\measure\fit.py:950: UserWarning: No inliers found. Model not fitted
  warn("No inliers found. Model not fitted")
channels deprecated in v4.0.1+. If data contain more than 3 channels, only the first 3 channels will be used

    Fine matches: 100
    Validated matches: 100
    RANSAC model: rigid | inliers: 79/100 | median residual: 0.78px
    Guided rematch improved support: rigid, 92/100 inliers
    Refining with k=5 neighbors (KNN)...
    KNN refinement complete
    Pair failed: compute_object_registration_metrics() got an unexpected keyword argument 'min_valid_instance_area_px'
  [48/128] Moving 4/4: A5-E-2.tif
    Moving cells: 1574 | segmentation_seconds=16.15 | cache_hit=False
    Cells found: source=1574, reference=1420
    Image coarse init: rotation=0.00 deg, dx=-4.61, dy=134.33, score=0.873
    Coarse matches: 50
    Coarse offset: dx=-264.35, dy=-42.91
    Fine matches: 100
    Validated matches: 100
    RANSAC model: rigid | inliers: 64/100 | median residual: 1.00px
    Guided rematch improved support: rigid, 72/100 inliers
    Refining with k=5 neighbors (KNN)...
    KNN refinement complete
    Pair failed: compute_object_registration_metrics() got an unexpected keyword argument 'min_valid_instance_area_px'

[13/32] Case A5-3 | fixed=A5-B-3.tif | moving=4
  Fixed cells: 1622 | segmentation_seconds=19.54 | cache_hit=False
  [49/128] Moving 1/4: A5-A-3.tif
    Moving cells: 1645 | segmentation_seconds=12.99 | cache_hit=False
    Cells found: source=1645, reference=1622
    Image coarse init: rotation=0.00 deg, dx=6.95, dy=-20.07, score=0.761
    Coarse matches: 50
    Coarse offset: dx=-297.01, dy=234.73
    Fine matches: 100
    Validated matches: 100
    RANSAC model: rigid | inliers: 91/100 | median residual: 1.30px
    Guided rematch improved support: rigid, 97/100 inliers
    Refining with k=5 neighbors (KNN)...
    KNN refinement complete
    Pair failed: compute_object_registration_metrics() got an unexpected keyword argument 'min_valid_instance_area_px'
  [50/128] Moving 2/4: A5-C-3.tif
    Moving cells: 1798 | segmentation_seconds=16.58 | cache_hit=False
    Cells found: source=1798, reference=1622
    Image coarse init: rotation=0.00 deg, dx=-27.02, dy=-1.54, score=0.926
    Coarse matches: 50
    Coarse offset: dx=-263.89, dy=-361.54
    Fine matches: 100
    Validated matches: 100
    RANSAC model: rigid | inliers: 91/100 | median residual: 0.97px
    Guided rematch improved support: rigid, 93/100 inliers
    Refining with k=5 neighbors (KNN)...
    KNN refinement complete
    Pair failed: compute_object_registration_metrics() got an unexpected keyword argument 'min_valid_instance_area_px'
  [51/128] Moving 3/4: A5-D-3.tif
    Moving cells: 1850 | segmentation_seconds=14.72 | cache_hit=False
    Cells found: source=1850, reference=1622
    Image coarse init: rotation=0.00 deg, dx=10.03, dy=-13.89, score=0.918
    Coarse matches: 50
    Coarse offset: dx=781.57, dy=-567.03
    Fine matches: 100
    Validated matches: 100
    RANSAC model: rigid | inliers: 92/100 | median residual: 1.27px
    Guided rematch improved support: rigid, 97/100 inliers
    Refining with k=5 neighbors (KNN)...
    KNN refinement complete
    Pair failed: compute_object_registration_metrics() got an unexpected keyword argument 'min_valid_instance_area_px'
  [52/128] Moving 4/4: A5-E-3.tif
    Moving cells: 1836 | segmentation_seconds=20.99 | cache_hit=False
    Cells found: source=1836, reference=1622
    Image coarse init: rotation=0.00 deg, dx=7.72, dy=-3.09, score=0.911
    Coarse matches: 50
    Coarse offset: dx=413.76, dy=90.17
    Fine matches: 100
    Validated matches: 100
    RANSAC model: rigid | inliers: 80/100 | median residual: 1.07px
    Guided rematch improved support: rigid, 92/100 inliers
    Refining with k=5 neighbors (KNN)...
    KNN refinement complete
    Pair failed: compute_object_registration_metrics() got an unexpected keyword argument 'min_valid_instance_area_px'

[14/32] Case A6-1 | fixed=A6-B-1.tif | moving=4
  Fixed cells: 1871 | segmentation_seconds=17.18 | cache_hit=False
  [53/128] Moving 1/4: A6-A-1.tif
    Moving cells: 1893 | segmentation_seconds=14.82 | cache_hit=False
    Cells found: source=1893, reference=1871
    Image coarse init: rotation=0.00 deg, dx=-7.66, dy=-7.66, score=0.934
    Coarse matches: 50
    Coarse offset: dx=174.74, dy=26.87
    Fine matches: 100
    Validated matches: 100
    RANSAC model: rigid | inliers: 85/100 | median residual: 0.78px
    Guided rematch improved support: rigid, 91/100 inliers
    Refining with k=5 neighbors (KNN)...
    KNN refinement complete
    Pair failed: compute_object_registration_metrics() got an unexpected keyword argument 'min_valid_instance_area_px'
  [54/128] Moving 2/4: A6-C-1.tif
    Moving cells: 1912 | segmentation_seconds=21.74 | cache_hit=False
    Cells found: source=1912, reference=1871
    Image coarse init: rotation=0.00 deg, dx=-7.63, dy=2.29, score=0.820
    Coarse matches: 50
    Coarse offset: dx=3.75, dy=-2.07
    Fine matches: 100
    Validated matches: 100
    RANSAC model: rigid | inliers: 99/100 | median residual: 1.07px
    Guided rematch improved support: rigid, 99/100 inliers
    Refining with k=5 neighbors (KNN)...
    KNN refinement complete
    Pair failed: compute_object_registration_metrics() got an unexpected keyword argument 'min_valid_instance_area_px'
  [55/128] Moving 3/4: A6-D-1.tif
    Moving cells: 1970 | segmentation_seconds=19.92 | cache_hit=False
    Cells found: source=1970, reference=1871
    Image coarse init: rotation=0.00 deg, dx=3.05, dy=9.14, score=0.916
    Coarse matches: 50
    Coarse offset: dx=0.31, dy=3.78
    Fine matches: 100
    Validated matches: 100
    RANSAC model: rigid | inliers: 97/100 | median residual: 0.74px
    Guided rematch improved support: rigid, 98/100 inliers
    Refining with k=5 neighbors (KNN)...
    KNN refinement complete
    Pair failed: compute_object_registration_metrics() got an unexpected keyword argument 'min_valid_instance_area_px'
  [56/128] Moving 4/4: A6-E-1.tif
    Moving cells: 1911 | segmentation_seconds=18.55 | cache_hit=False
    Cells found: source=1911, reference=1871
    Image coarse init: rotation=0.00 deg, dx=0.76, dy=5.35, score=0.929
    Coarse matches: 50
    Coarse offset: dx=189.50, dy=167.60
    Fine matches: 100
    Validated matches: 100
    RANSAC model: rigid | inliers: 92/100 | median residual: 1.22px
    Guided rematch improved support: rigid, 97/100 inliers
    Refining with k=5 neighbors (KNN)...
    KNN refinement complete
    Pair failed: compute_object_registration_metrics() got an unexpected keyword argument 'min_valid_instance_area_px'

[15/32] Case A6-2 | fixed=A6-B-2.tif | moving=4
  Fixed cells: 1543 | segmentation_seconds=19.27 | cache_hit=False
  [57/128] Moving 1/4: A6-A-2.tif
    Moving cells: 1653 | segmentation_seconds=13.23 | cache_hit=False
    Cells found: source=1653, reference=1543
    Image coarse init: rotation=0.00 deg, dx=-3.80, dy=-19.02, score=0.908
    Coarse matches: 50
    Coarse offset: dx=-228.19, dy=198.12
    Fine matches: 100
    Validated matches: 100
    RANSAC model: rigid | inliers: 82/100 | median residual: 0.83px
    Guided rematch improved support: rigid, 89/100 inliers
    Refining with k=5 neighbors (KNN)...
    KNN refinement complete
    Pair failed: compute_object_registration_metrics() got an unexpected keyword argument 'min_valid_instance_area_px'
  [58/128] Moving 2/4: A6-C-2.tif
    Moving cells: 1746 | segmentation_seconds=21.04 | cache_hit=False
    Cells found: source=1746, reference=1543
    Image coarse init: rotation=0.00 deg, dx=-14.42, dy=12.14, score=0.695
    Coarse matches: 50
    Coarse offset: dx=-47.92, dy=-9.36
    Fine matches: 100
    Validated matches: 100
    RANSAC model: rigid | inliers: 89/100 | median residual: 0.53px
    Guided rematch improved support: rigid, 94/100 inliers
    Refining with k=5 neighbors (KNN)...
    KNN refinement complete
    Pair failed: compute_object_registration_metrics() got an unexpected keyword argument 'min_valid_instance_area_px'
  [59/128] Moving 3/4: A6-D-2.tif
    Moving cells: 1750 | segmentation_seconds=17.95 | cache_hit=False
    Cells found: source=1750, reference=1543
C:\Users\Administrator\anaconda3\envs\cell_registration\lib\site-packages\skimage\measure\fit.py:950: UserWarning: No inliers found. Model not fitted
  warn("No inliers found. Model not fitted")
channels deprecated in v4.0.1+. If data contain more than 3 channels, only the first 3 channels will be used
channels deprecated in v4.0.1+. If data contain more than 3 channels, only the first 3 channels will be used
channels deprecated in v4.0.1+. If data contain more than 3 channels, only the first 3 channels will be used
C:\Users\Administrator\anaconda3\envs\cell_registration\lib\site-packages\skimage\measure\fit.py:950: UserWarning: No inliers found. Model not fitted
  warn("No inliers found. Model not fitted")
channels deprecated in v4.0.1+. If data contain more than 3 channels, only the first 3 channels will be used
channels deprecated in v4.0.1+. If data contain more than 3 channels, only the first 3 channels will be used
C:\Users\Administrator\anaconda3\envs\cell_registration\lib\site-packages\skimage\measure\fit.py:950: UserWarning: No inliers found. Model not fitted
  warn("No inliers found. Model not fitted")
channels deprecated in v4.0.1+. If data contain more than 3 channels, only the first 3 channels will be used
