channels deprecated in v4.0.1+. If data contain more than 3 channels, only the first 3 channels will be used
channels deprecated in v4.0.1+. If data contain more than 3 channels, only the first 3 channels will be used
======================================================================
  Cell Registration Benchmark
======================================================================
  Output dir: F:\programme\nxy\Cell registration\benchmark\results_tune\search_D_fix\baseline_similarity
  Params saved to: benchmark_params.json
  REG_PARAMS: {
  "position_weight": 3.0,
  "distance_threshold": 2.5,
  "spatial_window_size": 100.0,
  "top_k": 100,
  "neighbor_k": 5,
  "neighbor_weight": 1.0,
  "landmark_weight": 10.0,
  "max_theta_deg": 10.0,
  "max_translation": 30.0,
  "max_scale_change": 0.05,
  "prefer_affine": false,
  "ransac_max_trials": 100,
  "ransac_residual_threshold": 5.0,
  "similarity_residual_threshold": 5.0,
  "fft_upsample_factor": 20,
  "fft_max_shift": 20.0,
  "fft_crop_ratio": 0.8,
  "fft_max_iterations": 2
}

[1/5] Discovering image pairs...
  Found 3 registration pairs
    Group 1: D→B  |  src: C3-D-63-1_Merged_ch05_dapi_zmax.tif
    Group 2: D→B  |  src: C3-D-63-2_Merged_ch05_dapi_zmax.tif
    Group 3: D→B  |  src: C3-D-63-3_Merged_ch05_dapi_zmax.tif

[2/5] Initializing Cellpose-SAM segmenter (GPU=True)...
  ✓ Segmenter ready

[3/5] Running registrations...

  [1/3] Group 1 - D→B
    Source:    C3-D-63-1_Merged_ch05_dapi_zmax.tif
    Reference: C3-B-63-1_Merged_ch05_dapi_zmax.tif
    Image shapes: source=(1970, 1944), reference=(1975, 1944)
    Cells found: source=1106, reference=1282
    Coarse matches: 50
    Coarse offset: dx=-6.75, dy=-41.14
    Fine matches: 100
    Validated matches: 100
    RANSAC model: similarity | inliers: 3/100 | median residual: 3.05px
    ⚠ Affine RANSAC failed, trying SimilarityTransform...
Traceback (most recent call last):
  File "F:\programme\nxy\Cell registration\benchmark\run_benchmark.py", line 936, in <module>
    main()
  File "F:\programme\nxy\Cell registration\benchmark\run_benchmark.py", line 865, in main
    registered, elapsed = run_registration(source_img, reference_img, segmenter)
  File "F:\programme\nxy\Cell registration\benchmark\run_benchmark.py", line 341, in run_registration
    model_robust, inliers = ransac(
NameError: name 'ransac' is not defined
COMMAND:
C:\Users\Administrator\anaconda3\envs\cell_registration\python.exe F:\programme\nxy\Cell registration\benchmark\run_benchmark.py --output-dir F:\programme\nxy\Cell registration\benchmark\results_tune\search_D_fix\baseline_similarity --sample-groups 1,2,3 --rounds D --position-weight 3.0 --distance-threshold 2.5 --spatial-window-size 100.0 --top-k 100 --no-prefer-affine --ransac-max-trials 100 --ransac-residual-threshold 5.0 --similarity-residual-threshold 5.0

