channels deprecated in v4.0.1+. If data contain more than 3 channels, only the first 3 channels will be used
channels deprecated in v4.0.1+. If data contain more than 3 channels, only the first 3 channels will be used
channels deprecated in v4.0.1+. If data contain more than 3 channels, only the first 3 channels will be used
channels deprecated in v4.0.1+. If data contain more than 3 channels, only the first 3 channels will be used
channels deprecated in v4.0.1+. If data contain more than 3 channels, only the first 3 channels will be used
channels deprecated in v4.0.1+. If data contain more than 3 channels, only the first 3 channels will be used
channels deprecated in v4.0.1+. If data contain more than 3 channels, only the first 3 channels will be used
channels deprecated in v4.0.1+. If data contain more than 3 channels, only the first 3 channels will be used
channels deprecated in v4.0.1+. If data contain more than 3 channels, only the first 3 channels will be used
channels deprecated in v4.0.1+. If data contain more than 3 channels, only the first 3 channels will be used
channels deprecated in v4.0.1+. If data contain more than 3 channels, only the first 3 channels will be used
channels deprecated in v4.0.1+. If data contain more than 3 channels, only the first 3 channels will be used
channels deprecated in v4.0.1+. If data contain more than 3 channels, only the first 3 channels will be used
channels deprecated in v4.0.1+. If data contain more than 3 channels, only the first 3 channels will be used
channels deprecated in v4.0.1+. If data contain more than 3 channels, only the first 3 channels will be used
channels deprecated in v4.0.1+. If data contain more than 3 channels, only the first 3 channels will be used
channels deprecated in v4.0.1+. If data contain more than 3 channels, only the first 3 channels will be used
channels deprecated in v4.0.1+. If data contain more than 3 channels, only the first 3 channels will be used
channels deprecated in v4.0.1+. If data contain more than 3 channels, only the first 3 channels will be used
channels deprecated in v4.0.1+. If data contain more than 3 channels, only the first 3 channels will be used
channels deprecated in v4.0.1+. If data contain more than 3 channels, only the first 3 channels will be used
channels deprecated in v4.0.1+. If data contain more than 3 channels, only the first 3 channels will be used
channels deprecated in v4.0.1+. If data contain more than 3 channels, only the first 3 channels will be used
channels deprecated in v4.0.1+. If data contain more than 3 channels, only the first 3 channels will be used
======================================================================
  Cell Registration Benchmark
======================================================================
  Output dir: F:\programme\nxy\Cell registration\benchmark\results_tune\auto_pipeline_full\final\baseline_similarity
  Params saved to: benchmark_params.json
  REG_PARAMS: {
  "cellpose_diameter": 10.0,
  "cellpose_flow_threshold": 0.0,
  "cellpose_cellprob_threshold": 0.0,
  "cellpose_min_size": 15,
  "position_weight": 3.0,
  "distance_threshold": 2.5,
  "spatial_window_size": 100.0,
  "top_k": 100,
  "min_cells_for_two_stage": 20,
  "coarse_top_k": 50,
  "coarse_distance_threshold": 2.0,
  "neighbor_k": 5,
  "neighbor_weight": 1.0,
  "landmark_weight": 10.0,
  "max_theta_deg": 10.0,
  "max_translation": 30.0,
  "max_scale_change": 0.05,
  "guided_min_position_weight": 4.0,
  "guided_spatial_window_cap": 60.0,
  "validation_min_confidence": 0.2,
  "validation_max_feature_diff": 0.7,
  "prefer_affine": false,
  "ransac_max_trials": 500,
  "ransac_residual_threshold": 3.0,
  "similarity_residual_threshold": 5.0,
  "fft_upsample_factor": 20,
  "fft_max_shift": 20.0,
  "fft_crop_ratio": 0.8,
  "fft_max_iterations": 2
}

[1/5] Discovering image pairs...
  Found 12 registration pairs
    Group 1: A→B  |  src: C3-A-63-1 Merged_ch05_dapi_zmax.tif
    Group 1: C→B  |  src: C3-C-63-1_Merged_ch05_dapi_zmax.tif
    Group 1: D→B  |  src: C3-D-63-1_Merged_ch05_dapi_zmax.tif
    Group 1: E→B  |  src: C3-E-63-1_Merged_ch05_dapi_zmax.tif
    Group 2: A→B  |  src: C3-A-63-2_Merged_ch05_dapi_zmax.tif
    Group 2: C→B  |  src: C3-C-63-2_Merged_ch05_dapi_zmax.tif
    Group 2: D→B  |  src: C3-D-63-2_Merged_ch05_dapi_zmax.tif
    Group 2: E→B  |  src: C3-E-63-2_Merged_ch05_dapi_zmax.tif
    Group 3: A→B  |  src: C3-A-63-3_Merged_ch05_dapi_zmax.tif
    Group 3: C→B  |  src: C3-C-63-3_Merged_ch05_dapi_zmax.tif
    Group 3: D→B  |  src: C3-D-63-3_Merged_ch05_dapi_zmax.tif
    Group 3: E→B  |  src: C3-E-63-3_Merged_ch05_dapi_zmax.tif

[2/5] Initializing Cellpose-SAM segmenter (GPU=True)...
  ✓ Segmenter ready

[3/5] Running registrations...

  [1/12] Group 1 - A→B
    Source:    C3-A-63-1 Merged_ch05_dapi_zmax.tif
    Reference: C3-B-63-1_Merged_ch05_dapi_zmax.tif
    Image shapes: source=(1969, 1945), reference=(1975, 1944)
    Cells found: source=1197, reference=1282
    Coarse matches: 50
    Coarse offset: dx=-24.72, dy=-65.55
    Fine matches: 100
    Validated matches: 100
    RANSAC model: similarity | inliers: 87/100 | median residual: 0.83px
    RANSAC inliers: 87/100
    Guided rematch improved support: similarity, 92/100 inliers
    Refining with k=5 neighbors (KNN)...
    KNN refinement complete
    FFT correction: dy=0.15 dx=0.15 (mag=0.21px)
    FFT refinement applied
    ⏱ Registration time: 25.41s
    Metrics: PSNR=28.11 | SSIM=0.6119 | NCC=0.8538

  [2/12] Group 1 - C→B
    Source:    C3-C-63-1_Merged_ch05_dapi_zmax.tif
    Reference: C3-B-63-1_Merged_ch05_dapi_zmax.tif
    Image shapes: source=(1965, 1943), reference=(1975, 1944)
    Cells found: source=1337, reference=1282
    Coarse matches: 50
    Coarse offset: dx=-19.08, dy=-53.23
    Fine matches: 100
    Validated matches: 100
    RANSAC model: similarity | inliers: 46/100 | median residual: 1.26px
    RANSAC inliers: 46/100
    Guided rematch improved support: similarity, 59/100 inliers
    Refining with k=5 neighbors (KNN)...
    KNN refinement complete
    FFT correction: dy=-0.50 dx=-0.10 (mag=0.51px)
    FFT refinement applied
    ⏱ Registration time: 26.00s
    Metrics: PSNR=27.75 | SSIM=0.7561 | NCC=0.8613

  [3/12] Group 1 - D→B
    Source:    C3-D-63-1_Merged_ch05_dapi_zmax.tif
    Reference: C3-B-63-1_Merged_ch05_dapi_zmax.tif
    Image shapes: source=(1970, 1944), reference=(1975, 1944)
    Cells found: source=1106, reference=1282
    Coarse matches: 50
    Coarse offset: dx=-6.75, dy=-41.14
    Fine matches: 100
    Validated matches: 100
    RANSAC model: similarity | inliers: 5/100 | median residual: 2.64px
    RANSAC inliers: 5/100
    Guided rematch improved support: similarity, 9/100 inliers
    Refining with k=5 neighbors (KNN)...
    KNN refinement complete
    FFT correction: dy=6.10 dx=-0.35 (mag=6.11px)
    FFT refinement applied
    ⏱ Registration time: 23.92s
    Metrics: PSNR=24.35 | SSIM=0.7200 | NCC=0.3482

  [4/12] Group 1 - E→B
    Source:    C3-E-63-1_Merged_ch05_dapi_zmax.tif
    Reference: C3-B-63-1_Merged_ch05_dapi_zmax.tif
    Image shapes: source=(1969, 1946), reference=(1975, 1944)
    Cells found: source=1263, reference=1282
    Coarse matches: 50
    Coarse offset: dx=-1.74, dy=-62.31
    Fine matches: 100
    Validated matches: 100
    RANSAC model: similarity | inliers: 13/100 | median residual: 2.04px
    RANSAC inliers: 13/100
    Guided rematch improved support: similarity, 26/100 inliers
    Refining with k=5 neighbors (KNN)...
    KNN refinement complete
    FFT correction: dy=-0.25 dx=0.55 (mag=0.60px)
    FFT refinement applied
    ⏱ Registration time: 24.41s
    Metrics: PSNR=28.32 | SSIM=0.7911 | NCC=0.8006

  [5/12] Group 2 - A→B
    Source:    C3-A-63-2_Merged_ch05_dapi_zmax.tif
    Reference: C3-B-63-2_Merged_ch05_dapi_zmax.tif
    Image shapes: source=(1977, 1946), reference=(1979, 1948)
    Cells found: source=1079, reference=1200
    Coarse matches: 50
    Coarse offset: dx=23.47, dy=5.46
    Fine matches: 100
    Validated matches: 100
    RANSAC model: similarity | inliers: 80/100 | median residual: 0.77px
    RANSAC inliers: 80/100
    Guided rematch improved support: similarity, 88/100 inliers
    Refining with k=5 neighbors (KNN)...
    KNN refinement complete
    FFT correction: dy=0.15 dx=-0.15 (mag=0.21px)
    FFT refinement applied
    ⏱ Registration time: 23.47s
    Metrics: PSNR=28.28 | SSIM=0.5970 | NCC=0.8587

  [6/12] Group 2 - C→B
    Source:    C3-C-63-2_Merged_ch05_dapi_zmax.tif
    Reference: C3-B-63-2_Merged_ch05_dapi_zmax.tif
    Image shapes: source=(1986, 1942), reference=(1979, 1948)
    Cells found: source=1180, reference=1200
    Coarse matches: 50
    Coarse offset: dx=17.89, dy=14.44
    Fine matches: 100
    Validated matches: 100
    RANSAC model: similarity | inliers: 89/100 | median residual: 0.74px
    RANSAC inliers: 89/100
    Guided rematch improved support: similarity, 95/100 inliers
    Refining with k=5 neighbors (KNN)...
    KNN refinement complete
    FFT correction: dy=0.30 dx=0.15 (mag=0.34px)
    FFT refinement applied
    ⏱ Registration time: 24.28s
    Metrics: PSNR=27.16 | SSIM=0.7288 | NCC=0.8404

  [7/12] Group 2 - D→B
    Source:    C3-D-63-2_Merged_ch05_dapi_zmax.tif
    Reference: C3-B-63-2_Merged_ch05_dapi_zmax.tif
    Image shapes: source=(1977, 1948), reference=(1979, 1948)
    Cells found: source=1047, reference=1200
    Coarse matches: 50
    Coarse offset: dx=36.48, dy=21.73
    Fine matches: 100
    Validated matches: 100
    RANSAC model: similarity | inliers: 14/100 | median residual: 2.48px
    RANSAC inliers: 14/100
    Guided rematch improved support: similarity, 24/100 inliers
    Refining with k=5 neighbors (KNN)...
    KNN refinement complete
    FFT correction: dy=-0.95 dx=-0.05 (mag=0.95px)
    FFT refinement applied
    ⏱ Registration time: 23.60s
    Metrics: PSNR=29.88 | SSIM=0.8358 | NCC=0.8731

  [8/12] Group 2 - E→B
    Source:    C3-E-63-2_Merged_ch05_dapi_zmax.tif
    Reference: C3-B-63-2_Merged_ch05_dapi_zmax.tif
    Image shapes: source=(1985, 1947), reference=(1979, 1948)
    Cells found: source=1120, reference=1200
    Coarse matches: 50
    Coarse offset: dx=11.86, dy=-26.81
    Fine matches: 100
    Validated matches: 100
    RANSAC model: similarity | inliers: 27/100 | median residual: 1.75px
    RANSAC inliers: 27/100
    Guided rematch improved support: similarity, 41/100 inliers
    Refining with k=5 neighbors (KNN)...
    KNN refinement complete
    FFT correction: dy=-0.95 dx=0.10 (mag=0.96px)
    FFT refinement applied
    ⏱ Registration time: 24.03s
    Metrics: PSNR=27.55 | SSIM=0.7917 | NCC=0.8462

  [9/12] Group 3 - A→B
    Source:    C3-A-63-3_Merged_ch05_dapi_zmax.tif
    Reference: C3-B-63-3_Merged_ch05_dapi_zmax.tif
    Image shapes: source=(1959, 1940), reference=(1953, 1946)
    Cells found: source=1291, reference=1332
    Coarse matches: 50
    Coarse offset: dx=-8.40, dy=-25.36
    Fine matches: 100
    Validated matches: 100
    RANSAC model: similarity | inliers: 93/100 | median residual: 0.53px
    RANSAC inliers: 93/100
    Guided rematch improved support: similarity, 97/100 inliers
    Refining with k=5 neighbors (KNN)...
    KNN refinement complete
    FFT correction: dy=0.00 dx=-0.20 (mag=0.20px)
    FFT refinement applied
    ⏱ Registration time: 24.41s
    Metrics: PSNR=27.04 | SSIM=0.5821 | NCC=0.8468

  [10/12] Group 3 - C→B
    Source:    C3-C-63-3_Merged_ch05_dapi_zmax.tif
    Reference: C3-B-63-3_Merged_ch05_dapi_zmax.tif
    Image shapes: source=(1946, 1945), reference=(1953, 1946)
    Cells found: source=1149, reference=1332
    Coarse matches: 50
    Coarse offset: dx=-15.14, dy=-0.42
    Fine matches: 100
    Validated matches: 100
    RANSAC model: similarity | inliers: 74/100 | median residual: 0.80px
    RANSAC inliers: 74/100
    Guided rematch improved support: similarity, 82/100 inliers
    Refining with k=5 neighbors (KNN)...
    KNN refinement complete
    FFT correction: dy=-0.35 dx=0.20 (mag=0.40px)
    FFT refinement applied
    ⏱ Registration time: 24.07s
    Metrics: PSNR=29.05 | SSIM=0.7358 | NCC=0.8700

  [11/12] Group 3 - D→B
    Source:    C3-D-63-3_Merged_ch05_dapi_zmax.tif
    Reference: C3-B-63-3_Merged_ch05_dapi_zmax.tif
    Image shapes: source=(1947, 1947), reference=(1953, 1946)
    Cells found: source=1286, reference=1332
    Coarse matches: 50
    Coarse offset: dx=27.71, dy=26.17
    Fine matches: 100
    Validated matches: 100
    RANSAC model: similarity | inliers: 45/100 | median residual: 1.13px
    RANSAC inliers: 45/100
    Guided rematch improved support: similarity, 72/100 inliers
    Refining with k=5 neighbors (KNN)...
    KNN refinement complete
    FFT correction: dy=0.00 dx=-0.20 (mag=0.20px)
    FFT refinement applied
    ⏱ Registration time: 24.39s
    Metrics: PSNR=28.31 | SSIM=0.8278 | NCC=0.9010

  [12/12] Group 3 - E→B
    Source:    C3-E-63-3_Merged_ch05_dapi_zmax.tif
    Reference: C3-B-63-3_Merged_ch05_dapi_zmax.tif
    Image shapes: source=(1966, 1948), reference=(1953, 1946)
    Cells found: source=1226, reference=1332
    Coarse matches: 50
    Coarse offset: dx=-20.44, dy=-0.21
    Fine matches: 100
    Validated matches: 100
    RANSAC model: similarity | inliers: 56/100 | median residual: 0.91px
    RANSAC inliers: 56/100
    Guided rematch improved support: similarity, 68/100 inliers
    Refining with k=5 neighbors (KNN)...
    KNN refinement complete
    FFT correction: dy=0.15 dx=-0.20 (mag=0.25px)
    FFT refinement applied
    ⏱ Registration time: 24.24s
    Metrics: PSNR=29.08 | SSIM=0.8027 | NCC=0.9028

[4/5] Generating visualizations and reports...
  ✓ Saved results CSV: benchmark_results.csv
  ✓ Saved metrics bar chart: metrics_bar_chart.png
  ✓ Saved heatmap: metrics_heatmap.png
  ✓ Saved timing chart: timing_chart.png
  ✓ Saved group comparison: group_comparison.png

  Generating difference maps...

[5/5] Summary
======================================================================
Pair            PSNR       SSIM       NCC        MI         Time(s)   
----------------------------------------------------------------------
G1-A→B          28.11      0.6119     0.8538     0.6402     25.41     
G1-C→B          27.75      0.7561     0.8613     0.9186     26.00     
G1-D→B          24.35      0.7200     0.3482     0.3022     23.92     
G1-E→B          28.32      0.7911     0.8006     0.7424     24.41     
G2-A→B          28.28      0.5970     0.8587     0.5092     23.47     
G2-C→B          27.16      0.7288     0.8404     0.7025     24.28     
G2-D→B          29.88      0.8358     0.8731     0.6864     23.60     
G2-E→B          27.55      0.7917     0.8462     0.7716     24.03     
G3-A→B          27.04      0.5821     0.8468     0.5625     24.41     
G3-C→B          29.05      0.7358     0.8700     0.7723     24.07     
G3-D→B          28.31      0.8278     0.9010     0.9913     24.39     
G3-E→B          29.08      0.8027     0.9028     0.9070     24.24     
----------------------------------------------------------------------
Average         27.90      0.7317     0.8169     0.7089     24.35     
======================================================================

All outputs saved to: F:\programme\nxy\Cell registration\benchmark\results_tune\auto_pipeline_full\final\baseline_similarity
Done!
COMMAND:
C:\Users\Administrator\anaconda3\envs\cell_registration\python.exe F:\programme\nxy\Cell registration\benchmark\run_benchmark.py --output-dir F:\programme\nxy\Cell registration\benchmark\results_tune\auto_pipeline_full\final\baseline_similarity --sample-groups 1,2,3 --rounds A,C,D,E --no-prefer-affine

