channels deprecated in v4.0.1+. If data contain more than 3 channels, only the first 3 channels will be used
channels deprecated in v4.0.1+. If data contain more than 3 channels, only the first 3 channels will be used
channels deprecated in v4.0.1+. If data contain more than 3 channels, only the first 3 channels will be used
channels deprecated in v4.0.1+. If data contain more than 3 channels, only the first 3 channels will be used
channels deprecated in v4.0.1+. If data contain more than 3 channels, only the first 3 channels will be used
channels deprecated in v4.0.1+. If data contain more than 3 channels, only the first 3 channels will be used
channels deprecated in v4.0.1+. If data contain more than 3 channels, only the first 3 channels will be used
channels deprecated in v4.0.1+. If data contain more than 3 channels, only the first 3 channels will be used
channels deprecated in v4.0.1+. If data contain more than 3 channels, only the first 3 channels will be used
channels deprecated in v4.0.1+. If data contain more than 3 channels, only the first 3 channels will be used
channels deprecated in v4.0.1+. If data contain more than 3 channels, only the first 3 channels will be used
channels deprecated in v4.0.1+. If data contain more than 3 channels, only the first 3 channels will be used
======================================================================
  Cell Registration Benchmark
======================================================================
  Output dir: F:\programme\nxy\Cell registration\benchmark\results_tune\hard_case_full\small_diameter_affine_guarded
  Params saved to: benchmark_params.json
  REG_PARAMS: {
  "cellpose_diameter": 6.0,
  "cellpose_flow_threshold": -1.0,
  "cellpose_cellprob_threshold": -1.0,
  "cellpose_min_size": 6,
  "position_weight": 3.0,
  "distance_threshold": 2.0,
  "spatial_window_size": 75.0,
  "top_k": 60,
  "min_cells_for_two_stage": 20,
  "coarse_top_k": 50,
  "coarse_distance_threshold": 2.0,
  "neighbor_k": 5,
  "neighbor_weight": 1.0,
  "landmark_weight": 10.0,
  "max_theta_deg": 10.0,
  "max_translation": 30.0,
  "max_scale_change": 0.05,
  "guided_min_position_weight": 4.0,
  "guided_spatial_window_cap": 60.0,
  "validation_min_confidence": 0.2,
  "validation_max_feature_diff": 0.75,
  "prefer_affine": true,
  "ransac_max_trials": 500,
  "ransac_residual_threshold": 3.0,
  "similarity_residual_threshold": 5.0,
  "fft_upsample_factor": 20,
  "fft_max_shift": 20.0,
  "fft_crop_ratio": 0.8,
  "fft_max_iterations": 2
}

[1/5] Discovering image pairs...
  Found 6 registration pairs
    Group 1: A→B  |  src: C3-A-63-1 Merged_ch05_dapi_zmax.tif
    Group 1: D→B  |  src: C3-D-63-1_Merged_ch05_dapi_zmax.tif
    Group 2: A→B  |  src: C3-A-63-2_Merged_ch05_dapi_zmax.tif
    Group 2: D→B  |  src: C3-D-63-2_Merged_ch05_dapi_zmax.tif
    Group 3: A→B  |  src: C3-A-63-3_Merged_ch05_dapi_zmax.tif
    Group 3: D→B  |  src: C3-D-63-3_Merged_ch05_dapi_zmax.tif

[2/5] Initializing Cellpose-SAM segmenter (GPU=True)...
  ✓ Segmenter ready

[3/5] Running registrations...

  [1/6] Group 1 - A→B
    Source:    C3-A-63-1 Merged_ch05_dapi_zmax.tif
    Reference: C3-B-63-1_Merged_ch05_dapi_zmax.tif
    Image shapes: source=(1969, 1945), reference=(1975, 1944)
    Cells found: source=1349, reference=1726
    Coarse matches: 50
    Coarse offset: dx=-26.24, dy=-46.01
    Fine matches: 60
    Validated matches: 60
    RANSAC model: similarity | inliers: 49/60 | median residual: 0.69px
    RANSAC inliers: 49/60
    Guided rematch improved support: similarity, 54/60 inliers
    Refining with k=5 neighbors (KNN)...
    KNN refinement complete
    FFT correction: dy=-0.05 dx=0.30 (mag=0.30px)
    FFT refinement applied
    ⏱ Registration time: 58.75s
    Metrics: PSNR=27.79 | SSIM=0.6031 | NCC=0.8541

  [2/6] Group 1 - D→B
    Source:    C3-D-63-1_Merged_ch05_dapi_zmax.tif
    Reference: C3-B-63-1_Merged_ch05_dapi_zmax.tif
    Image shapes: source=(1970, 1944), reference=(1975, 1944)
    Cells found: source=1343, reference=1726
    Coarse matches: 50
    Coarse offset: dx=-1.20, dy=10.76
    Fine matches: 60
    Validated matches: 60
    RANSAC model: affine | inliers: 4/60 | median residual: 0.58px
    RANSAC inliers: 4/60
    Refining with k=5 neighbors (KNN)...
    KNN refinement complete
    ⏱ Registration time: 59.93s
    Metrics: PSNR=22.89 | SSIM=0.6212 | NCC=0.0670

  [3/6] Group 2 - A→B
    Source:    C3-A-63-2_Merged_ch05_dapi_zmax.tif
    Reference: C3-B-63-2_Merged_ch05_dapi_zmax.tif
    Image shapes: source=(1977, 1946), reference=(1979, 1948)
    Cells found: source=1210, reference=1861
    Coarse matches: 50
    Coarse offset: dx=23.31, dy=5.35
    Fine matches: 60
    Validated matches: 60
    RANSAC model: similarity | inliers: 48/60 | median residual: 0.71px
    RANSAC inliers: 48/60
    Guided rematch improved support: affine, 53/60 inliers
    Refining with k=5 neighbors (KNN)...
    KNN refinement complete
    FFT correction: dy=-0.05 dx=0.10 (mag=0.11px)
    FFT refinement applied
    ⏱ Registration time: 58.44s
    Metrics: PSNR=28.53 | SSIM=0.6045 | NCC=0.8528

  [4/6] Group 2 - D→B
    Source:    C3-D-63-2_Merged_ch05_dapi_zmax.tif
    Reference: C3-B-63-2_Merged_ch05_dapi_zmax.tif
    Image shapes: source=(1977, 1948), reference=(1979, 1948)
    Cells found: source=1206, reference=1861
    Coarse matches: 50
    Coarse offset: dx=-9.13, dy=60.60
    Fine matches: 60
    Validated matches: 60
    RANSAC model: similarity | inliers: 11/60 | median residual: 1.58px
    RANSAC inliers: 11/60
    Guided rematch improved support: similarity, 16/60 inliers
    Refining with k=5 neighbors (KNN)...
    KNN refinement complete
    FFT correction: dy=-0.85 dx=-0.35 (mag=0.92px)
    FFT refinement applied
    ⏱ Registration time: 58.17s
    Metrics: PSNR=28.61 | SSIM=0.8042 | NCC=0.8265

  [5/6] Group 3 - A→B
    Source:    C3-A-63-3_Merged_ch05_dapi_zmax.tif
    Reference: C3-B-63-3_Merged_ch05_dapi_zmax.tif
    Image shapes: source=(1959, 1940), reference=(1953, 1946)
    Cells found: source=1468, reference=1609
    Coarse matches: 50
    Coarse offset: dx=-8.71, dy=-25.04
    Fine matches: 60
    Validated matches: 60
    RANSAC model: affine | inliers: 53/60 | median residual: 0.56px
    RANSAC inliers: 53/60
    Guided rematch improved support: affine, 55/60 inliers
    Refining with k=5 neighbors (KNN)...
    KNN refinement complete
    FFT correction: dy=0.05 dx=-0.10 (mag=0.11px)
    FFT refinement applied
    ⏱ Registration time: 57.79s
    Metrics: PSNR=26.09 | SSIM=0.5451 | NCC=0.8518

  [6/6] Group 3 - D→B
    Source:    C3-D-63-3_Merged_ch05_dapi_zmax.tif
    Reference: C3-B-63-3_Merged_ch05_dapi_zmax.tif
    Image shapes: source=(1947, 1947), reference=(1953, 1946)
    Cells found: source=1527, reference=1609
    Coarse matches: 50
    Coarse offset: dx=-37.20, dy=25.14
    Fine matches: 60
    Validated matches: 60
    RANSAC model: similarity | inliers: 32/60 | median residual: 0.96px
    RANSAC inliers: 32/60
    Guided rematch improved support: similarity, 42/60 inliers
    Refining with k=5 neighbors (KNN)...
    KNN refinement complete
    FFT correction: dy=-0.30 dx=-0.20 (mag=0.36px)
    FFT refinement applied
    ⏱ Registration time: 57.43s
    Metrics: PSNR=28.41 | SSIM=0.8279 | NCC=0.8976

[4/5] Generating visualizations and reports...
  ✓ Saved results CSV: benchmark_results.csv
  ✓ Saved metrics bar chart: metrics_bar_chart.png
  ✓ Saved heatmap: metrics_heatmap.png
  ✓ Saved timing chart: timing_chart.png
  ✓ Saved group comparison: group_comparison.png

  Generating difference maps...

[5/5] Summary
======================================================================
Pair            PSNR       SSIM       NCC        MI         Time(s)   
----------------------------------------------------------------------
G1-A→B          27.79      0.6031     0.8541     0.6434     58.75     
G1-D→B          22.89      0.6212     0.0670     0.0291     59.93     
G2-A→B          28.53      0.6045     0.8528     0.4933     58.44     
G2-D→B          28.61      0.8042     0.8265     0.6017     58.17     
G3-A→B          26.09      0.5451     0.8518     0.5766     57.79     
G3-D→B          28.41      0.8279     0.8976     0.9814     57.43     
----------------------------------------------------------------------
Average         27.05      0.6677     0.7250     0.5543     58.42     
======================================================================

All outputs saved to: F:\programme\nxy\Cell registration\benchmark\results_tune\hard_case_full\small_diameter_affine_guarded
Done!
COMMAND:
C:\Users\Administrator\anaconda3\envs\cell_registration\python.exe F:\programme\nxy\Cell registration\benchmark\run_benchmark.py --output-dir F:\programme\nxy\Cell registration\benchmark\results_tune\hard_case_full\small_diameter_affine_guarded --sample-groups 1,2,3 --rounds A,D --cellpose-diameter 6.0 --cellpose-flow-threshold -1.0 --cellpose-cellprob-threshold -1.0 --cellpose-min-size 6 --position-weight 3.0 --distance-threshold 2.0 --spatial-window-size 75.0 --top-k 60 --validation-min-confidence 0.2 --validation-max-feature-diff 0.75 --prefer-affine --ransac-residual-threshold 3.0

