channels deprecated in v4.0.1+. If data contain more than 3 channels, only the first 3 channels will be used
channels deprecated in v4.0.1+. If data contain more than 3 channels, only the first 3 channels will be used
channels deprecated in v4.0.1+. If data contain more than 3 channels, only the first 3 channels will be used
channels deprecated in v4.0.1+. If data contain more than 3 channels, only the first 3 channels will be used
channels deprecated in v4.0.1+. If data contain more than 3 channels, only the first 3 channels will be used
channels deprecated in v4.0.1+. If data contain more than 3 channels, only the first 3 channels will be used
channels deprecated in v4.0.1+. If data contain more than 3 channels, only the first 3 channels will be used
channels deprecated in v4.0.1+. If data contain more than 3 channels, only the first 3 channels will be used
channels deprecated in v4.0.1+. If data contain more than 3 channels, only the first 3 channels will be used
channels deprecated in v4.0.1+. If data contain more than 3 channels, only the first 3 channels will be used
channels deprecated in v4.0.1+. If data contain more than 3 channels, only the first 3 channels will be used
channels deprecated in v4.0.1+. If data contain more than 3 channels, only the first 3 channels will be used
======================================================================
  Cell Registration Benchmark
======================================================================
  Output dir: F:\programme\nxy\Cell registration\benchmark\results_tune\auto_pipeline_full\stage1\loose_seg_low_conf
  Params saved to: benchmark_params.json
  REG_PARAMS: {
  "cellpose_diameter": 8.0,
  "cellpose_flow_threshold": -1.0,
  "cellpose_cellprob_threshold": -1.0,
  "cellpose_min_size": 8,
  "position_weight": 3.5,
  "distance_threshold": 2.2,
  "spatial_window_size": 90.0,
  "top_k": 80,
  "min_cells_for_two_stage": 20,
  "coarse_top_k": 50,
  "coarse_distance_threshold": 2.0,
  "neighbor_k": 5,
  "neighbor_weight": 1.0,
  "landmark_weight": 10.0,
  "max_theta_deg": 10.0,
  "max_translation": 30.0,
  "max_scale_change": 0.05,
  "guided_min_position_weight": 4.0,
  "guided_spatial_window_cap": 60.0,
  "validation_min_confidence": 0.15,
  "validation_max_feature_diff": 0.8,
  "prefer_affine": false,
  "ransac_max_trials": 500,
  "ransac_residual_threshold": 4.0,
  "similarity_residual_threshold": 5.0,
  "fft_upsample_factor": 20,
  "fft_max_shift": 20.0,
  "fft_crop_ratio": 0.8,
  "fft_max_iterations": 2
}

[1/5] Discovering image pairs...
  Found 6 registration pairs
    Group 1: A→B  |  src: C3-A-63-1 Merged_ch05_dapi_zmax.tif
    Group 1: D→B  |  src: C3-D-63-1_Merged_ch05_dapi_zmax.tif
    Group 2: A→B  |  src: C3-A-63-2_Merged_ch05_dapi_zmax.tif
    Group 2: D→B  |  src: C3-D-63-2_Merged_ch05_dapi_zmax.tif
    Group 3: A→B  |  src: C3-A-63-3_Merged_ch05_dapi_zmax.tif
    Group 3: D→B  |  src: C3-D-63-3_Merged_ch05_dapi_zmax.tif

[2/5] Initializing Cellpose-SAM segmenter (GPU=True)...
  ✓ Segmenter ready

[3/5] Running registrations...

  [1/6] Group 1 - A→B
    Source:    C3-A-63-1 Merged_ch05_dapi_zmax.tif
    Reference: C3-B-63-1_Merged_ch05_dapi_zmax.tif
    Image shapes: source=(1969, 1945), reference=(1975, 1944)
    Cells found: source=1308, reference=1625
    Coarse matches: 50
    Coarse offset: dx=-24.72, dy=-54.42
    Fine matches: 80
    Validated matches: 80
    RANSAC model: similarity | inliers: 70/80 | median residual: 0.86px
    RANSAC inliers: 70/80
    Guided rematch improved support: similarity, 74/80 inliers
    Refining with k=5 neighbors (KNN)...
    KNN refinement complete
    FFT correction: dy=0.00 dx=0.15 (mag=0.15px)
    FFT refinement applied
    ⏱ Registration time: 37.24s
    Metrics: PSNR=27.88 | SSIM=0.6028 | NCC=0.8534

  [2/6] Group 1 - D→B
    Source:    C3-D-63-1_Merged_ch05_dapi_zmax.tif
    Reference: C3-B-63-1_Merged_ch05_dapi_zmax.tif
    Image shapes: source=(1970, 1944), reference=(1975, 1944)
    Cells found: source=1278, reference=1625
    Coarse matches: 50
    Coarse offset: dx=0.15, dy=-43.82
    Fine matches: 80
    Validated matches: 80
    RANSAC model: similarity | inliers: 9/80 | median residual: 2.60px
    RANSAC inliers: 9/80
    Guided rematch improved support: similarity, 14/80 inliers
    Refining with k=5 neighbors (KNN)...
    KNN refinement complete
    FFT correction: dy=-0.40 dx=2.35 (mag=2.38px)
    FFT refinement applied
    ⏱ Registration time: 36.81s
    Metrics: PSNR=24.73 | SSIM=0.7288 | NCC=0.4007

  [3/6] Group 2 - A→B
    Source:    C3-A-63-2_Merged_ch05_dapi_zmax.tif
    Reference: C3-B-63-2_Merged_ch05_dapi_zmax.tif
    Image shapes: source=(1977, 1946), reference=(1979, 1948)
    Cells found: source=1180, reference=1748
    Coarse matches: 50
    Coarse offset: dx=23.40, dy=12.40
    Fine matches: 80
    Validated matches: 80
    RANSAC model: similarity | inliers: 63/80 | median residual: 0.73px
    RANSAC inliers: 63/80
    Guided rematch improved support: similarity, 67/80 inliers
    Refining with k=5 neighbors (KNN)...
    KNN refinement complete
    FFT correction: dy=0.00 dx=-0.05 (mag=0.05px)
    FFT refinement applied
    ⏱ Registration time: 36.59s
    Metrics: PSNR=28.35 | SSIM=0.5992 | NCC=0.8608

  [4/6] Group 2 - D→B
    Source:    C3-D-63-2_Merged_ch05_dapi_zmax.tif
    Reference: C3-B-63-2_Merged_ch05_dapi_zmax.tif
    Image shapes: source=(1977, 1948), reference=(1979, 1948)
    Cells found: source=1155, reference=1748
    Coarse matches: 50
    Coarse offset: dx=11.81, dy=-10.21
    Fine matches: 80
    Validated matches: 80
    RANSAC model: similarity | inliers: 10/80 | median residual: 2.21px
    RANSAC inliers: 10/80
    Guided rematch improved support: similarity, 21/80 inliers
    Refining with k=5 neighbors (KNN)...
    KNN refinement complete
    FFT correction: dy=-0.70 dx=-1.05 (mag=1.26px)
    FFT refinement applied
    ⏱ Registration time: 36.58s
    Metrics: PSNR=29.61 | SSIM=0.8257 | NCC=0.8745

  [5/6] Group 3 - A→B
    Source:    C3-A-63-3_Merged_ch05_dapi_zmax.tif
    Reference: C3-B-63-3_Merged_ch05_dapi_zmax.tif
    Image shapes: source=(1959, 1940), reference=(1953, 1946)
    Cells found: source=1397, reference=1471
    Coarse matches: 50
    Coarse offset: dx=-8.37, dy=-25.06
    Fine matches: 80
    Validated matches: 80
    RANSAC model: similarity | inliers: 75/80 | median residual: 0.54px
    RANSAC inliers: 75/80
    Guided rematch improved support: similarity, 76/80 inliers
    Refining with k=5 neighbors (KNN)...
    KNN refinement complete
    FFT correction: dy=-0.05 dx=-0.20 (mag=0.21px)
    FFT refinement applied
    ⏱ Registration time: 36.60s
    Metrics: PSNR=26.85 | SSIM=0.5726 | NCC=0.8477

  [6/6] Group 3 - D→B
    Source:    C3-D-63-3_Merged_ch05_dapi_zmax.tif
    Reference: C3-B-63-3_Merged_ch05_dapi_zmax.tif
    Image shapes: source=(1947, 1947), reference=(1953, 1946)
    Cells found: source=1430, reference=1471
    Coarse matches: 50
    Coarse offset: dx=-15.33, dy=25.21
    Fine matches: 80
    Validated matches: 80
    RANSAC model: similarity | inliers: 50/80 | median residual: 1.09px
    RANSAC inliers: 50/80
    Guided rematch improved support: similarity, 58/80 inliers
    Refining with k=5 neighbors (KNN)...
    KNN refinement complete
    FFT correction: dy=0.00 dx=-0.25 (mag=0.25px)
    FFT refinement applied
    ⏱ Registration time: 37.03s
    Metrics: PSNR=27.88 | SSIM=0.8157 | NCC=0.8928

[4/5] Generating visualizations and reports...
  ✓ Saved results CSV: benchmark_results.csv
  ✓ Saved metrics bar chart: metrics_bar_chart.png
  ✓ Saved heatmap: metrics_heatmap.png
  ✓ Saved timing chart: timing_chart.png
  ✓ Saved group comparison: group_comparison.png

  Generating difference maps...

[5/5] Summary
======================================================================
Pair            PSNR       SSIM       NCC        MI         Time(s)   
----------------------------------------------------------------------
G1-A→B          27.88      0.6028     0.8534     0.6353     37.24     
G1-D→B          24.73      0.7288     0.4007     0.3335     36.81     
G2-A→B          28.35      0.5992     0.8608     0.5131     36.59     
G2-D→B          29.61      0.8257     0.8745     0.6696     36.58     
G3-A→B          26.85      0.5726     0.8477     0.5612     36.60     
G3-D→B          27.88      0.8157     0.8928     0.9563     37.03     
----------------------------------------------------------------------
Average         27.55      0.6908     0.7883     0.6115     36.81     
======================================================================

All outputs saved to: F:\programme\nxy\Cell registration\benchmark\results_tune\auto_pipeline_full\stage1\loose_seg_low_conf
Done!
COMMAND:
C:\Users\Administrator\anaconda3\envs\cell_registration\python.exe F:\programme\nxy\Cell registration\benchmark\run_benchmark.py --output-dir F:\programme\nxy\Cell registration\benchmark\results_tune\auto_pipeline_full\stage1\loose_seg_low_conf --sample-groups 1,2,3 --rounds A,D --cellpose-diameter 8.0 --cellpose-flow-threshold -1.0 --cellpose-cellprob-threshold -1.0 --cellpose-min-size 8 --position-weight 3.5 --distance-threshold 2.2 --spatial-window-size 90.0 --top-k 80 --validation-min-confidence 0.15 --validation-max-feature-diff 0.8 --no-prefer-affine --ransac-residual-threshold 4.0

