channels deprecated in v4.0.1+. If data contain more than 3 channels, only the first 3 channels will be used
channels deprecated in v4.0.1+. If data contain more than 3 channels, only the first 3 channels will be used
channels deprecated in v4.0.1+. If data contain more than 3 channels, only the first 3 channels will be used
channels deprecated in v4.0.1+. If data contain more than 3 channels, only the first 3 channels will be used
channels deprecated in v4.0.1+. If data contain more than 3 channels, only the first 3 channels will be used
channels deprecated in v4.0.1+. If data contain more than 3 channels, only the first 3 channels will be used
======================================================================
  Cell Registration Benchmark
======================================================================
  Output dir: F:\programme\nxy\Cell registration\benchmark\results_tune\search_D\pw5_dist2_win60_top50
  Params saved to: benchmark_params.json
  REG_PARAMS: {
  "position_weight": 5.0,
  "distance_threshold": 2.0,
  "spatial_window_size": 60.0,
  "top_k": 50,
  "neighbor_k": 5,
  "neighbor_weight": 1.0,
  "landmark_weight": 10.0,
  "max_theta_deg": 10.0,
  "max_translation": 30.0,
  "max_scale_change": 0.05,
  "prefer_affine": false,
  "ransac_max_trials": 500,
  "ransac_residual_threshold": 3.0,
  "similarity_residual_threshold": 5.0,
  "fft_upsample_factor": 20,
  "fft_max_shift": 20.0,
  "fft_crop_ratio": 0.8,
  "fft_max_iterations": 2
}

[1/5] Discovering image pairs...
  Found 3 registration pairs
    Group 1: D→B  |  src: C3-D-63-1_Merged_ch05_dapi_zmax.tif
    Group 2: D→B  |  src: C3-D-63-2_Merged_ch05_dapi_zmax.tif
    Group 3: D→B  |  src: C3-D-63-3_Merged_ch05_dapi_zmax.tif

[2/5] Initializing Cellpose-SAM segmenter (GPU=True)...
  ✓ Segmenter ready

[3/5] Running registrations...

  [1/3] Group 1 - D→B
    Source:    C3-D-63-1_Merged_ch05_dapi_zmax.tif
    Reference: C3-B-63-1_Merged_ch05_dapi_zmax.tif
    Image shapes: source=(1970, 1944), reference=(1975, 1944)
    Cells found: source=1106, reference=1282
    Coarse matches: 50
    Coarse offset: dx=-11.29, dy=-57.32
    Fine matches: 50
    Validated matches: 50
    RANSAC model: similarity | inliers: 8/50 | median residual: 2.25px
    RANSAC inliers: 8/50
    Guided rematch improved support: similarity, 10/50 inliers
    Refining with k=5 neighbors (KNN)...
    KNN refinement complete
    FFT correction: dy=1.85 dx=0.00 (mag=1.85px)
    FFT refinement applied
    ⏱ Registration time: 25.63s
    Metrics: PSNR=24.51 | SSIM=0.7242 | NCC=0.3717

  [2/3] Group 2 - D→B
    Source:    C3-D-63-2_Merged_ch05_dapi_zmax.tif
    Reference: C3-B-63-2_Merged_ch05_dapi_zmax.tif
    Image shapes: source=(1977, 1948), reference=(1979, 1948)
    Cells found: source=1047, reference=1200
    Coarse matches: 50
    Coarse offset: dx=27.92, dy=9.50
    Fine matches: 50
    Validated matches: 50
    RANSAC model: similarity | inliers: 13/50 | median residual: 2.37px
    RANSAC inliers: 13/50
    Guided rematch improved support: similarity, 14/50 inliers
    Refining with k=5 neighbors (KNN)...
    KNN refinement complete
    FFT correction: dy=-0.80 dx=-0.55 (mag=0.97px)
    FFT refinement applied
    ⏱ Registration time: 24.86s
    Metrics: PSNR=29.24 | SSIM=0.8310 | NCC=0.8634

  [3/3] Group 3 - D→B
    Source:    C3-D-63-3_Merged_ch05_dapi_zmax.tif
    Reference: C3-B-63-3_Merged_ch05_dapi_zmax.tif
    Image shapes: source=(1947, 1947), reference=(1953, 1946)
    Cells found: source=1286, reference=1332
    Coarse matches: 50
    Coarse offset: dx=-13.15, dy=25.97
    Fine matches: 50
    Validated matches: 50
    RANSAC model: similarity | inliers: 40/50 | median residual: 1.08px
    RANSAC inliers: 40/50
    Guided rematch improved support: similarity, 40/50 inliers
    Refining with k=5 neighbors (KNN)...
    KNN refinement complete
    FFT correction: dy=0.05 dx=0.00 (mag=0.05px)
    FFT refinement applied
    ⏱ Registration time: 25.67s
    Metrics: PSNR=28.04 | SSIM=0.8258 | NCC=0.9048

[4/5] Generating visualizations and reports...
  ✓ Saved results CSV: benchmark_results.csv
  ✓ Saved metrics bar chart: metrics_bar_chart.png
  ✓ Saved heatmap: metrics_heatmap.png
  ✓ Saved timing chart: timing_chart.png
  ✓ Saved group comparison: group_comparison.png

  Generating difference maps...

[5/5] Summary
======================================================================
Pair            PSNR       SSIM       NCC        MI         Time(s)   
----------------------------------------------------------------------
G1-D→B          24.51      0.7242     0.3717     0.3169     25.63     
G2-D→B          29.24      0.8310     0.8634     0.6825     24.86     
G3-D→B          28.04      0.8258     0.9048     1.0021     25.67     
----------------------------------------------------------------------
Average         27.26      0.7937     0.7133     0.6672     25.39     
======================================================================

All outputs saved to: F:\programme\nxy\Cell registration\benchmark\results_tune\search_D\pw5_dist2_win60_top50
Done!
COMMAND:
C:\Users\Administrator\anaconda3\envs\cell_registration\python.exe F:\programme\nxy\Cell registration\benchmark\run_benchmark.py --output-dir F:\programme\nxy\Cell registration\benchmark\results_tune\search_D\pw5_dist2_win60_top50 --sample-groups 1,2,3 --rounds D --position-weight 5.0 --distance-threshold 2.0 --spatial-window-size 60.0 --top-k 50 --no-prefer-affine --ransac-max-trials 500 --ransac-residual-threshold 3.0 --similarity-residual-threshold 5.0

