channels deprecated in v4.0.1+. If data contain more than 3 channels, only the first 3 channels will be used
channels deprecated in v4.0.1+. If data contain more than 3 channels, only the first 3 channels will be used
channels deprecated in v4.0.1+. If data contain more than 3 channels, only the first 3 channels will be used
channels deprecated in v4.0.1+. If data contain more than 3 channels, only the first 3 channels will be used
channels deprecated in v4.0.1+. If data contain more than 3 channels, only the first 3 channels will be used
channels deprecated in v4.0.1+. If data contain more than 3 channels, only the first 3 channels will be used
======================================================================
  Cell Registration Benchmark
======================================================================
  Output dir: F:\programme\nxy\Cell registration\benchmark\results_tune\search_D\pw35_dist22_win90_top80
  Params saved to: benchmark_params.json
  REG_PARAMS: {
  "position_weight": 3.5,
  "distance_threshold": 2.2,
  "spatial_window_size": 90.0,
  "top_k": 80,
  "neighbor_k": 5,
  "neighbor_weight": 1.0,
  "landmark_weight": 10.0,
  "max_theta_deg": 10.0,
  "max_translation": 30.0,
  "max_scale_change": 0.05,
  "prefer_affine": false,
  "ransac_max_trials": 500,
  "ransac_residual_threshold": 4.0,
  "similarity_residual_threshold": 5.0,
  "fft_upsample_factor": 20,
  "fft_max_shift": 20.0,
  "fft_crop_ratio": 0.8,
  "fft_max_iterations": 2
}

[1/5] Discovering image pairs...
  Found 3 registration pairs
    Group 1: D→B  |  src: C3-D-63-1_Merged_ch05_dapi_zmax.tif
    Group 2: D→B  |  src: C3-D-63-2_Merged_ch05_dapi_zmax.tif
    Group 3: D→B  |  src: C3-D-63-3_Merged_ch05_dapi_zmax.tif

[2/5] Initializing Cellpose-SAM segmenter (GPU=True)...
  ✓ Segmenter ready

[3/5] Running registrations...

  [1/3] Group 1 - D→B
    Source:    C3-D-63-1_Merged_ch05_dapi_zmax.tif
    Reference: C3-B-63-1_Merged_ch05_dapi_zmax.tif
    Image shapes: source=(1970, 1944), reference=(1975, 1944)
    Cells found: source=1106, reference=1282
    Coarse matches: 50
    Coarse offset: dx=-7.18, dy=-28.04
    Fine matches: 80
    Validated matches: 80
    RANSAC model: similarity | inliers: 4/80 | median residual: 2.93px
    RANSAC inliers: 4/80
    Guided rematch improved support: similarity, 12/80 inliers
    Refining with k=5 neighbors (KNN)...
    KNN refinement complete
    FFT correction: dy=-0.05 dx=-0.65 (mag=0.65px)
    FFT refinement applied
    ⏱ Registration time: 28.45s
    Metrics: PSNR=24.61 | SSIM=0.7255 | NCC=0.3840

  [2/3] Group 2 - D→B
    Source:    C3-D-63-2_Merged_ch05_dapi_zmax.tif
    Reference: C3-B-63-2_Merged_ch05_dapi_zmax.tif
    Image shapes: source=(1977, 1948), reference=(1979, 1948)
    Cells found: source=1047, reference=1200
    Coarse matches: 50
    Coarse offset: dx=40.83, dy=5.02
    Fine matches: 80
    Validated matches: 80
    RANSAC model: similarity | inliers: 14/80 | median residual: 2.71px
    RANSAC inliers: 14/80
    Guided rematch improved support: similarity, 21/80 inliers
    Refining with k=5 neighbors (KNN)...
    KNN refinement complete
    FFT correction: dy=-0.55 dx=-0.80 (mag=0.97px)
    FFT refinement applied
    ⏱ Registration time: 28.03s
    Metrics: PSNR=31.51 | SSIM=0.8624 | NCC=0.8911

  [3/3] Group 3 - D→B
    Source:    C3-D-63-3_Merged_ch05_dapi_zmax.tif
    Reference: C3-B-63-3_Merged_ch05_dapi_zmax.tif
    Image shapes: source=(1947, 1947), reference=(1953, 1946)
    Cells found: source=1286, reference=1332
    Coarse matches: 50
    Coarse offset: dx=0.37, dy=26.17
    Fine matches: 80
    Validated matches: 80
    RANSAC model: similarity | inliers: 50/80 | median residual: 1.08px
    RANSAC inliers: 50/80
    Guided rematch improved support: similarity, 58/80 inliers
    Refining with k=5 neighbors (KNN)...
    KNN refinement complete
    FFT correction: dy=-0.05 dx=-0.20 (mag=0.21px)
    FFT refinement applied
    ⏱ Registration time: 28.45s
    Metrics: PSNR=27.92 | SSIM=0.8226 | NCC=0.9023

[4/5] Generating visualizations and reports...
  ✓ Saved results CSV: benchmark_results.csv
  ✓ Saved metrics bar chart: metrics_bar_chart.png
  ✓ Saved heatmap: metrics_heatmap.png
  ✓ Saved timing chart: timing_chart.png
  ✓ Saved group comparison: group_comparison.png

  Generating difference maps...

[5/5] Summary
======================================================================
Pair            PSNR       SSIM       NCC        MI         Time(s)   
----------------------------------------------------------------------
G1-D→B          24.61      0.7255     0.3840     0.3241     28.45     
G2-D→B          31.51      0.8624     0.8911     0.7173     28.03     
G3-D→B          27.92      0.8226     0.9023     0.9920     28.45     
----------------------------------------------------------------------
Average         28.01      0.8035     0.7258     0.6778     28.31     
======================================================================

All outputs saved to: F:\programme\nxy\Cell registration\benchmark\results_tune\search_D\pw35_dist22_win90_top80
Done!
COMMAND:
C:\Users\Administrator\anaconda3\envs\cell_registration\python.exe F:\programme\nxy\Cell registration\benchmark\run_benchmark.py --output-dir F:\programme\nxy\Cell registration\benchmark\results_tune\search_D\pw35_dist22_win90_top80 --sample-groups 1,2,3 --rounds D --position-weight 3.5 --distance-threshold 2.2 --spatial-window-size 90.0 --top-k 80 --no-prefer-affine --ransac-max-trials 500 --ransac-residual-threshold 4.0 --similarity-residual-threshold 5.0

