channels deprecated in v4.0.1+. If data contain more than 3 channels, only the first 3 channels will be used
channels deprecated in v4.0.1+. If data contain more than 3 channels, only the first 3 channels will be used
channels deprecated in v4.0.1+. If data contain more than 3 channels, only the first 3 channels will be used
channels deprecated in v4.0.1+. If data contain more than 3 channels, only the first 3 channels will be used
channels deprecated in v4.0.1+. If data contain more than 3 channels, only the first 3 channels will be used
channels deprecated in v4.0.1+. If data contain more than 3 channels, only the first 3 channels will be used
======================================================================
  Cell Registration Benchmark
======================================================================
  Output dir: F:\programme\nxy\Cell registration\benchmark\results_tune\search_D\pw4_dist2_win80_top60
  Params saved to: benchmark_params.json
  REG_PARAMS: {
  "position_weight": 4.0,
  "distance_threshold": 2.0,
  "spatial_window_size": 80.0,
  "top_k": 60,
  "neighbor_k": 5,
  "neighbor_weight": 1.0,
  "landmark_weight": 10.0,
  "max_theta_deg": 10.0,
  "max_translation": 30.0,
  "max_scale_change": 0.05,
  "prefer_affine": false,
  "ransac_max_trials": 500,
  "ransac_residual_threshold": 3.0,
  "similarity_residual_threshold": 5.0,
  "fft_upsample_factor": 20,
  "fft_max_shift": 20.0,
  "fft_crop_ratio": 0.8,
  "fft_max_iterations": 2
}

[1/5] Discovering image pairs...
  Found 3 registration pairs
    Group 1: D→B  |  src: C3-D-63-1_Merged_ch05_dapi_zmax.tif
    Group 2: D→B  |  src: C3-D-63-2_Merged_ch05_dapi_zmax.tif
    Group 3: D→B  |  src: C3-D-63-3_Merged_ch05_dapi_zmax.tif

[2/5] Initializing Cellpose-SAM segmenter (GPU=True)...
  ✓ Segmenter ready

[3/5] Running registrations...

  [1/3] Group 1 - D→B
    Source:    C3-D-63-1_Merged_ch05_dapi_zmax.tif
    Reference: C3-B-63-1_Merged_ch05_dapi_zmax.tif
    Image shapes: source=(1970, 1944), reference=(1975, 1944)
    Cells found: source=1106, reference=1282
    Coarse matches: 50
    Coarse offset: dx=-9.89, dy=-41.14
    Fine matches: 60
    Validated matches: 60
    RANSAC model: similarity | inliers: 5/60 | median residual: 0.66px
    RANSAC inliers: 5/60
    Guided rematch improved support: similarity, 8/60 inliers
    Refining with k=5 neighbors (KNN)...
    KNN refinement complete
    FFT correction: dy=-0.35 dx=-3.05 (mag=3.07px)
    FFT refinement applied
    ⏱ Registration time: 25.65s
    Metrics: PSNR=24.46 | SSIM=0.7196 | NCC=0.3647

  [2/3] Group 2 - D→B
    Source:    C3-D-63-2_Merged_ch05_dapi_zmax.tif
    Reference: C3-B-63-2_Merged_ch05_dapi_zmax.tif
    Image shapes: source=(1977, 1948), reference=(1979, 1948)
    Cells found: source=1047, reference=1200
    Coarse matches: 50
    Coarse offset: dx=11.95, dy=13.67
    Fine matches: 60
    Validated matches: 60
    RANSAC model: similarity | inliers: 12/60 | median residual: 2.62px
    RANSAC inliers: 12/60
    Guided rematch improved support: similarity, 15/60 inliers
    Refining with k=5 neighbors (KNN)...
    KNN refinement complete
    FFT correction: dy=0.05 dx=-0.30 (mag=0.30px)
    FFT refinement applied
    ⏱ Registration time: 24.87s
    Metrics: PSNR=29.91 | SSIM=0.8378 | NCC=0.8829

  [3/3] Group 3 - D→B
    Source:    C3-D-63-3_Merged_ch05_dapi_zmax.tif
    Reference: C3-B-63-3_Merged_ch05_dapi_zmax.tif
    Image shapes: source=(1947, 1947), reference=(1953, 1946)
    Cells found: source=1286, reference=1332
    Coarse matches: 50
    Coarse offset: dx=7.84, dy=26.17
    Fine matches: 60
    Validated matches: 60
    RANSAC model: similarity | inliers: 37/60 | median residual: 1.16px
    RANSAC inliers: 37/60
    Guided rematch improved support: similarity, 45/60 inliers
    Refining with k=5 neighbors (KNN)...
    KNN refinement complete
    FFT correction: dy=0.05 dx=-0.10 (mag=0.11px)
    FFT refinement applied
    ⏱ Registration time: 25.73s
    Metrics: PSNR=28.00 | SSIM=0.8221 | NCC=0.8999

[4/5] Generating visualizations and reports...
  ✓ Saved results CSV: benchmark_results.csv
  ✓ Saved metrics bar chart: metrics_bar_chart.png
  ✓ Saved heatmap: metrics_heatmap.png
  ✓ Saved timing chart: timing_chart.png
  ✓ Saved group comparison: group_comparison.png

  Generating difference maps...

[5/5] Summary
======================================================================
Pair            PSNR       SSIM       NCC        MI         Time(s)   
----------------------------------------------------------------------
G1-D→B          24.46      0.7196     0.3647     0.3089     25.65     
G2-D→B          29.91      0.8378     0.8829     0.7023     24.87     
G3-D→B          28.00      0.8221     0.8999     0.9828     25.73     
----------------------------------------------------------------------
Average         27.46      0.7932     0.7158     0.6647     25.41     
======================================================================

All outputs saved to: F:\programme\nxy\Cell registration\benchmark\results_tune\search_D\pw4_dist2_win80_top60
Done!
COMMAND:
C:\Users\Administrator\anaconda3\envs\cell_registration\python.exe F:\programme\nxy\Cell registration\benchmark\run_benchmark.py --output-dir F:\programme\nxy\Cell registration\benchmark\results_tune\search_D\pw4_dist2_win80_top60 --sample-groups 1,2,3 --rounds D --position-weight 4.0 --distance-threshold 2.0 --spatial-window-size 80.0 --top-k 60 --no-prefer-affine --ransac-max-trials 500 --ransac-residual-threshold 3.0 --similarity-residual-threshold 5.0

