channels deprecated in v4.0.1+. If data contain more than 3 channels, only the first 3 channels will be used
channels deprecated in v4.0.1+. If data contain more than 3 channels, only the first 3 channels will be used
channels deprecated in v4.0.1+. If data contain more than 3 channels, only the first 3 channels will be used
channels deprecated in v4.0.1+. If data contain more than 3 channels, only the first 3 channels will be used
channels deprecated in v4.0.1+. If data contain more than 3 channels, only the first 3 channels will be used
channels deprecated in v4.0.1+. If data contain more than 3 channels, only the first 3 channels will be used
======================================================================
  Cell Registration Benchmark
======================================================================
  Output dir: F:\programme\nxy\Cell registration\benchmark\results_tune\search_D\pw4_dist18_win70_top50
  Params saved to: benchmark_params.json
  REG_PARAMS: {
  "position_weight": 4.0,
  "distance_threshold": 1.8,
  "spatial_window_size": 70.0,
  "top_k": 50,
  "neighbor_k": 5,
  "neighbor_weight": 1.0,
  "landmark_weight": 10.0,
  "max_theta_deg": 10.0,
  "max_translation": 30.0,
  "max_scale_change": 0.05,
  "prefer_affine": false,
  "ransac_max_trials": 500,
  "ransac_residual_threshold": 3.0,
  "similarity_residual_threshold": 4.0,
  "fft_upsample_factor": 20,
  "fft_max_shift": 20.0,
  "fft_crop_ratio": 0.8,
  "fft_max_iterations": 2
}

[1/5] Discovering image pairs...
  Found 3 registration pairs
    Group 1: D→B  |  src: C3-D-63-1_Merged_ch05_dapi_zmax.tif
    Group 2: D→B  |  src: C3-D-63-2_Merged_ch05_dapi_zmax.tif
    Group 3: D→B  |  src: C3-D-63-3_Merged_ch05_dapi_zmax.tif

[2/5] Initializing Cellpose-SAM segmenter (GPU=True)...
  ✓ Segmenter ready

[3/5] Running registrations...

  [1/3] Group 1 - D→B
    Source:    C3-D-63-1_Merged_ch05_dapi_zmax.tif
    Reference: C3-B-63-1_Merged_ch05_dapi_zmax.tif
    Image shapes: source=(1970, 1944), reference=(1975, 1944)
    Cells found: source=1106, reference=1282
    Coarse matches: 50
    Coarse offset: dx=-8.50, dy=-54.24
    Fine matches: 50
    Validated matches: 50
    RANSAC model: similarity | inliers: 4/50 | median residual: 1.87px
    RANSAC inliers: 4/50
    Guided rematch improved support: similarity, 6/50 inliers
    Refining with k=5 neighbors (KNN)...
    KNN refinement complete
    FFT correction: dy=0.95 dx=-0.25 (mag=0.98px)
    FFT refinement applied
    ⏱ Registration time: 25.62s
    Metrics: PSNR=24.59 | SSIM=0.7258 | NCC=0.3804

  [2/3] Group 2 - D→B
    Source:    C3-D-63-2_Merged_ch05_dapi_zmax.tif
    Reference: C3-B-63-2_Merged_ch05_dapi_zmax.tif
    Image shapes: source=(1977, 1948), reference=(1979, 1948)
    Cells found: source=1047, reference=1200
    Coarse matches: 50
    Coarse offset: dx=11.95, dy=16.35
    Fine matches: 50
    Validated matches: 50
    RANSAC model: similarity | inliers: 9/50 | median residual: 1.92px
    RANSAC inliers: 9/50
    Guided rematch improved support: similarity, 11/50 inliers
    Refining with k=5 neighbors (KNN)...
    KNN refinement complete
    FFT correction: dy=-0.75 dx=-0.30 (mag=0.81px)
    FFT refinement applied
    ⏱ Registration time: 24.86s
    Metrics: PSNR=29.36 | SSIM=0.8281 | NCC=0.8542

  [3/3] Group 3 - D→B
    Source:    C3-D-63-3_Merged_ch05_dapi_zmax.tif
    Reference: C3-B-63-3_Merged_ch05_dapi_zmax.tif
    Image shapes: source=(1947, 1947), reference=(1953, 1946)
    Cells found: source=1286, reference=1332
    Coarse matches: 50
    Coarse offset: dx=-11.53, dy=26.36
    Fine matches: 50
    Validated matches: 50
    RANSAC model: similarity | inliers: 37/50 | median residual: 1.12px
    RANSAC inliers: 37/50
    Refining with k=5 neighbors (KNN)...
    KNN refinement complete
    FFT correction: dy=0.00 dx=-0.05 (mag=0.05px)
    FFT refinement applied
    ⏱ Registration time: 25.64s
    Metrics: PSNR=27.94 | SSIM=0.8235 | NCC=0.9027

[4/5] Generating visualizations and reports...
  ✓ Saved results CSV: benchmark_results.csv
  ✓ Saved metrics bar chart: metrics_bar_chart.png
  ✓ Saved heatmap: metrics_heatmap.png
  ✓ Saved timing chart: timing_chart.png
  ✓ Saved group comparison: group_comparison.png

  Generating difference maps...

[5/5] Summary
======================================================================
Pair            PSNR       SSIM       NCC        MI         Time(s)   
----------------------------------------------------------------------
G1-D→B          24.59      0.7258     0.3804     0.3237     25.62     
G2-D→B          29.36      0.8281     0.8542     0.6661     24.86     
G3-D→B          27.94      0.8235     0.9027     0.9955     25.64     
----------------------------------------------------------------------
Average         27.30      0.7925     0.7124     0.6618     25.37     
======================================================================

All outputs saved to: F:\programme\nxy\Cell registration\benchmark\results_tune\search_D\pw4_dist18_win70_top50
Done!
COMMAND:
C:\Users\Administrator\anaconda3\envs\cell_registration\python.exe F:\programme\nxy\Cell registration\benchmark\run_benchmark.py --output-dir F:\programme\nxy\Cell registration\benchmark\results_tune\search_D\pw4_dist18_win70_top50 --sample-groups 1,2,3 --rounds D --position-weight 4.0 --distance-threshold 1.8 --spatial-window-size 70.0 --top-k 50 --no-prefer-affine --ransac-max-trials 500 --ransac-residual-threshold 3.0 --similarity-residual-threshold 4.0

